  Determining projects to restore...
  Restored f:\SGU\FlightTicketManagement\DAO\DAO.csproj (in 257 ms).
  Restored f:\SGU\FlightTicketManagement\BUS\BUS.csproj (in 257 ms).
  1 of 3 projects are up-to-date for restore.
f:\SGU\FlightTicketManagement\DTO\Aircraft\AircraftDTO.cs(164,30): warning CS8765: Nullability of type of parameter 'obj' doesn't match overridden member (possibly because of nullability attributes). [f:\SGU\FlightTicketManagement\DTO\DTO.csproj]
f:\SGU\FlightTicketManagement\DTO\Airline\AirlineDTO.cs(118,34): warning CS8765: Nullability of type of parameter 'obj' doesn't match overridden member (possibly because of nullability attributes). [f:\SGU\FlightTicketManagement\DTO\DTO.csproj]
f:\SGU\FlightTicketManagement\DTO\Airport\AirportDTO.cs(132,30): warning CS8765: Nullability of type of parameter 'obj' doesn't match overridden member (possibly because of nullability attributes). [f:\SGU\FlightTicketManagement\DTO\DTO.csproj]
f:\SGU\FlightTicketManagement\DTO\Cabin_Class\CabinClassDTO.cs(91,30): warning CS8765: Nullability of type of parameter 'obj' doesn't match overridden member (possibly because of nullability attributes). [f:\SGU\FlightTicketManagement\DTO\DTO.csproj]
f:\SGU\FlightTicketManagement\DTO\Flight\FlightDTO.cs(224,30): warning CS8765: Nullability of type of parameter 'obj' doesn't match overridden member (possibly because of nullability attributes). [f:\SGU\FlightTicketManagement\DTO\DTO.csproj]
f:\SGU\FlightTicketManagement\DTO\Payment\PaymentDTO.cs(189,30): warning CS8765: Nullability of type of parameter 'obj' doesn't match overridden member (possibly because of nullability attributes). [f:\SGU\FlightTicketManagement\DTO\DTO.csproj]
f:\SGU\FlightTicketManagement\DTO\Seat\FlightSeatDTO.cs(204,30): warning CS8765: Nullability of type of parameter 'obj' doesn't match overridden member (possibly because of nullability attributes). [f:\SGU\FlightTicketManagement\DTO\DTO.csproj]
f:\SGU\FlightTicketManagement\DTO\Route\RouteDTO.cs(140,30): warning CS8765: Nullability of type of parameter 'obj' doesn't match overridden member (possibly because of nullability attributes). [f:\SGU\FlightTicketManagement\DTO\DTO.csproj]
f:\SGU\FlightTicketManagement\DTO\Seat\SeatDTO.cs(159,30): warning CS8765: Nullability of type of parameter 'obj' doesn't match overridden member (possibly because of nullability attributes). [f:\SGU\FlightTicketManagement\DTO\DTO.csproj]
f:\SGU\FlightTicketManagement\DTO\Auth\AccountDto.cs(4,23): warning CS8618: Non-nullable property 'Email' must contain a non-null value when exiting constructor. Consider adding the 'required' modifier or declaring the property as nullable. [f:\SGU\FlightTicketManagement\DTO\DTO.csproj]
f:\SGU\FlightTicketManagement\DTO\Auth\AccountDto.cs(5,23): warning CS8618: Non-nullable property 'Password' must contain a non-null value when exiting constructor. Consider adding the 'required' modifier or declaring the property as nullable. [f:\SGU\FlightTicketManagement\DTO\DTO.csproj]
f:\SGU\FlightTicketManagement\DTO\Ticket\Tickets.cs(14,23): warning CS8618: Non-nullable property 'ticket_number' must contain a non-null value when exiting constructor. Consider adding the 'required' modifier or declaring the property as nullable. [f:\SGU\FlightTicketManagement\DTO\DTO.csproj]
f:\SGU\FlightTicketManagement\DTO\Ticket\Tickets.cs(16,23): warning CS8618: Non-nullable property 'status' must contain a non-null value when exiting constructor. Consider adding the 'required' modifier or declaring the property as nullable. [f:\SGU\FlightTicketManagement\DTO\DTO.csproj]
f:\SGU\FlightTicketManagement\DTO\Baggage\Ticket.cs(16,23): warning CS8618: Non-nullable property 'PassengerName' must contain a non-null value when exiting constructor. Consider adding the 'required' modifier or declaring the property as nullable. [f:\SGU\FlightTicketManagement\DTO\DTO.csproj]
f:\SGU\FlightTicketManagement\DTO\Baggage\Ticket.cs(17,23): warning CS8618: Non-nullable property 'SeatNumber' must contain a non-null value when exiting constructor. Consider adding the 'required' modifier or declaring the property as nullable. [f:\SGU\FlightTicketManagement\DTO\DTO.csproj]
f:\SGU\FlightTicketManagement\DTO\Baggage\Ticket.cs(18,23): warning CS8618: Non-nullable property 'TicketClass' must contain a non-null value when exiting constructor. Consider adding the 'required' modifier or declaring the property as nullable. [f:\SGU\FlightTicketManagement\DTO\DTO.csproj]
f:\SGU\FlightTicketManagement\DTO\Baggage\Ticket.cs(19,23): warning CS8618: Non-nullable property 'Status' must contain a non-null value when exiting constructor. Consider adding the 'required' modifier or declaring the property as nullable. [f:\SGU\FlightTicketManagement\DTO\DTO.csproj]
f:\SGU\FlightTicketManagement\DTO\Baggage\BaggageDTO.cs(11,23): warning CS8618: Non-nullable property 'BaggageTag' must contain a non-null value when exiting constructor. Consider adding the 'required' modifier or declaring the property as nullable. [f:\SGU\FlightTicketManagement\DTO\DTO.csproj]
f:\SGU\FlightTicketManagement\DTO\Baggage\BaggageDTO.cs(14,23): warning CS8618: Non-nullable property 'Type' must contain a non-null value when exiting constructor. Consider adding the 'required' modifier or declaring the property as nullable. [f:\SGU\FlightTicketManagement\DTO\DTO.csproj]
f:\SGU\FlightTicketManagement\DTO\Baggage\BaggageDTO.cs(17,23): warning CS8618: Non-nullable property 'SpecialHandlingNotes' must contain a non-null value when exiting constructor. Consider adding the 'required' modifier or declaring the property as nullable. [f:\SGU\FlightTicketManagement\DTO\DTO.csproj]
f:\SGU\FlightTicketManagement\DTO\Baggage\FightDTO.cs(12,23): warning CS8618: Non-nullable property 'FightCode' must contain a non-null value when exiting constructor. Consider adding the 'required' modifier or declaring the property as nullable. [f:\SGU\FlightTicketManagement\DTO\DTO.csproj]
f:\SGU\FlightTicketManagement\DTO\Baggage\FightDTO.cs(13,23): warning CS8618: Non-nullable property 'DepartureAirport' must contain a non-null value when exiting constructor. Consider adding the 'required' modifier or declaring the property as nullable. [f:\SGU\FlightTicketManagement\DTO\DTO.csproj]
f:\SGU\FlightTicketManagement\DTO\Baggage\FightDTO.cs(14,23): warning CS8618: Non-nullable property 'ArrivalAirport' must contain a non-null value when exiting constructor. Consider adding the 'required' modifier or declaring the property as nullable. [f:\SGU\FlightTicketManagement\DTO\DTO.csproj]
f:\SGU\FlightTicketManagement\DTO\Baggage\FightDTO.cs(17,23): warning CS8618: Non-nullable property 'Status' must contain a non-null value when exiting constructor. Consider adding the 'required' modifier or declaring the property as nullable. [f:\SGU\FlightTicketManagement\DTO\DTO.csproj]
f:\SGU\FlightTicketManagement\DTO\Baggage\CabinClassDTO.cs(12,23): warning CS8618: Non-nullable property 'ClassName' must contain a non-null value when exiting constructor. Consider adding the 'required' modifier or declaring the property as nullable. [f:\SGU\FlightTicketManagement\DTO\DTO.csproj]
f:\SGU\FlightTicketManagement\DTO\Baggage\CabinClassDTO.cs(13,23): warning CS8618: Non-nullable property 'Description' must contain a non-null value when exiting constructor. Consider adding the 'required' modifier or declaring the property as nullable. [f:\SGU\FlightTicketManagement\DTO\DTO.csproj]
f:\SGU\FlightTicketManagement\DTO\Baggage\TicketBaggageDTO.cs(13,23): warning CS8618: Non-nullable property 'BaggageType' must contain a non-null value when exiting constructor. Consider adding the 'required' modifier or declaring the property as nullable. [f:\SGU\FlightTicketManagement\DTO\DTO.csproj]
f:\SGU\FlightTicketManagement\DTO\Baggage\TicketBaggageDTO.cs(17,23): warning CS8618: Non-nullable property 'Note' must contain a non-null value when exiting constructor. Consider adding the 'required' modifier or declaring the property as nullable. [f:\SGU\FlightTicketManagement\DTO\DTO.csproj]
f:\SGU\FlightTicketManagement\DTO\Baggage\TicketBaggageDTO.cs(22,23): warning CS8618: Non-nullable property 'Description' must contain a non-null value when exiting constructor. Consider adding the 'required' modifier or declaring the property as nullable. [f:\SGU\FlightTicketManagement\DTO\DTO.csproj]
f:\SGU\FlightTicketManagement\DTO\Baggage\CheckedBaggageDTO.cs(14,23): warning CS8618: Non-nullable property 'Description' must contain a non-null value when exiting constructor. Consider adding the 'required' modifier or declaring the property as nullable. [f:\SGU\FlightTicketManagement\DTO\DTO.csproj]
f:\SGU\FlightTicketManagement\DTO\Ticket\TicketListDTO.cs(12,23): warning CS8618: Non-nullable property 'TicketNumber' must contain a non-null value when exiting constructor. Consider adding the 'required' modifier or declaring the property as nullable. [f:\SGU\FlightTicketManagement\DTO\DTO.csproj]
f:\SGU\FlightTicketManagement\DTO\Ticket\TicketListDTO.cs(13,23): warning CS8618: Non-nullable property 'PassengerName' must contain a non-null value when exiting constructor. Consider adding the 'required' modifier or declaring the property as nullable. [f:\SGU\FlightTicketManagement\DTO\DTO.csproj]
f:\SGU\FlightTicketManagement\DTO\Ticket\TicketListDTO.cs(14,23): warning CS8618: Non-nullable property 'FlightNumber' must contain a non-null value when exiting constructor. Consider adding the 'required' modifier or declaring the property as nullable. [f:\SGU\FlightTicketManagement\DTO\DTO.csproj]
f:\SGU\FlightTicketManagement\DTO\Ticket\TicketListDTO.cs(15,23): warning CS8618: Non-nullable property 'Route' must contain a non-null value when exiting constructor. Consider adding the 'required' modifier or declaring the property as nullable. [f:\SGU\FlightTicketManagement\DTO\DTO.csproj]
f:\SGU\FlightTicketManagement\DTO\Ticket\TicketListDTO.cs(17,23): warning CS8618: Non-nullable property 'SeatCode' must contain a non-null value when exiting constructor. Consider adding the 'required' modifier or declaring the property as nullable. [f:\SGU\FlightTicketManagement\DTO\DTO.csproj]
f:\SGU\FlightTicketManagement\DTO\Ticket\TicketListDTO.cs(19,23): warning CS8618: Non-nullable property 'Status' must contain a non-null value when exiting constructor. Consider adding the 'required' modifier or declaring the property as nullable. [f:\SGU\FlightTicketManagement\DTO\DTO.csproj]
f:\SGU\FlightTicketManagement\DTO\Baggage\CarryOnBaggageDTO.cs(14,23): warning CS8618: Non-nullable property 'ClassName' must contain a non-null value when exiting constructor. Consider adding the 'required' modifier or declaring the property as nullable. [f:\SGU\FlightTicketManagement\DTO\DTO.csproj]
f:\SGU\FlightTicketManagement\DTO\Baggage\CarryOnBaggageDTO.cs(15,23): warning CS8618: Non-nullable property 'SizeLimit' must contain a non-null value when exiting constructor. Consider adding the 'required' modifier or declaring the property as nullable. [f:\SGU\FlightTicketManagement\DTO\DTO.csproj]
f:\SGU\FlightTicketManagement\DTO\Baggage\CarryOnBaggageDTO.cs(16,23): warning CS8618: Non-nullable property 'Description' must contain a non-null value when exiting constructor. Consider adding the 'required' modifier or declaring the property as nullable. [f:\SGU\FlightTicketManagement\DTO\DTO.csproj]
f:\SGU\FlightTicketManagement\DTO\Aircraft\AircraftDTO.cs(50,29): warning CS8601: Possible null reference assignment. [f:\SGU\FlightTicketManagement\DTO\DTO.csproj]
f:\SGU\FlightTicketManagement\DTO\Ticket\TicketHistoryDTO.cs(11,23): warning CS8618: Non-nullable property 'TicketNumber' must contain a non-null value when exiting constructor. Consider adding the 'required' modifier or declaring the property as nullable. [f:\SGU\FlightTicketManagement\DTO\DTO.csproj]
f:\SGU\FlightTicketManagement\DTO\Ticket\TicketHistoryDTO.cs(13,23): warning CS8618: Non-nullable property 'status' must contain a non-null value when exiting constructor. Consider adding the 'required' modifier or declaring the property as nullable. [f:\SGU\FlightTicketManagement\DTO\DTO.csproj]
f:\SGU\FlightTicketManagement\DTO\Ticket\TicketHistoryDTO.cs(14,23): warning CS8618: Non-nullable property 'old_status' must contain a non-null value when exiting constructor. Consider adding the 'required' modifier or declaring the property as nullable. [f:\SGU\FlightTicketManagement\DTO\DTO.csproj]
f:\SGU\FlightTicketManagement\DTO\Ticket\TicketHistoryDTO.cs(15,23): warning CS8618: Non-nullable property 'new_status' must contain a non-null value when exiting constructor. Consider adding the 'required' modifier or declaring the property as nullable. [f:\SGU\FlightTicketManagement\DTO\DTO.csproj]
f:\SGU\FlightTicketManagement\DTO\Cabin_Class\CabinClassDTO.cs(43,35): warning CS8601: Possible null reference assignment. [f:\SGU\FlightTicketManagement\DTO\DTO.csproj]
f:\SGU\FlightTicketManagement\DTO\Aircraft\AircraftDTO.cs(59,36): warning CS8601: Possible null reference assignment. [f:\SGU\FlightTicketManagement\DTO\DTO.csproj]
f:\SGU\FlightTicketManagement\DTO\Cabin_Class\CabinClassDTO.cs(48,16): warning CS8618: Non-nullable field '_className' must contain a non-null value when exiting constructor. Consider adding the 'required' modifier or declaring the field as nullable. [f:\SGU\FlightTicketManagement\DTO\DTO.csproj]
f:\SGU\FlightTicketManagement\DTO\Cabin_Class\CabinClassDTO.cs(48,16): warning CS8618: Non-nullable field '_description' must contain a non-null value when exiting constructor. Consider adding the 'required' modifier or declaring the field as nullable. [f:\SGU\FlightTicketManagement\DTO\DTO.csproj]
f:\SGU\FlightTicketManagement\DTO\Cabin_Class\CabinClassDTO.cs(50,16): warning CS8618: Non-nullable field '_className' must contain a non-null value when exiting constructor. Consider adding the 'required' modifier or declaring the field as nullable. [f:\SGU\FlightTicketManagement\DTO\DTO.csproj]
f:\SGU\FlightTicketManagement\DTO\Cabin_Class\CabinClassDTO.cs(50,16): warning CS8618: Non-nullable field '_description' must contain a non-null value when exiting constructor. Consider adding the 'required' modifier or declaring the field as nullable. [f:\SGU\FlightTicketManagement\DTO\DTO.csproj]
f:\SGU\FlightTicketManagement\DTO\Ticket\TicketHistory.cs(15,23): warning CS8618: Non-nullable property 'old_status' must contain a non-null value when exiting constructor. Consider adding the 'required' modifier or declaring the property as nullable. [f:\SGU\FlightTicketManagement\DTO\DTO.csproj]
f:\SGU\FlightTicketManagement\DTO\Ticket\TicketHistory.cs(16,23): warning CS8618: Non-nullable property 'new_status' must contain a non-null value when exiting constructor. Consider adding the 'required' modifier or declaring the property as nullable. [f:\SGU\FlightTicketManagement\DTO\DTO.csproj]
f:\SGU\FlightTicketManagement\DTO\Cabin_Class\CabinClassDTO.cs(56,16): warning CS8618: Non-nullable field '_className' must contain a non-null value when exiting constructor. Consider adding the 'required' modifier or declaring the field as nullable. [f:\SGU\FlightTicketManagement\DTO\DTO.csproj]
f:\SGU\FlightTicketManagement\DTO\Cabin_Class\CabinClassDTO.cs(56,16): warning CS8618: Non-nullable field '_description' must contain a non-null value when exiting constructor. Consider adding the 'required' modifier or declaring the field as nullable. [f:\SGU\FlightTicketManagement\DTO\DTO.csproj]
f:\SGU\FlightTicketManagement\DTO\Airport\AirportDTO.cs(60,28): warning CS8601: Possible null reference assignment. [f:\SGU\FlightTicketManagement\DTO\DTO.csproj]
f:\SGU\FlightTicketManagement\DTO\Airport\AirportDTO.cs(66,31): warning CS8601: Possible null reference assignment. [f:\SGU\FlightTicketManagement\DTO\DTO.csproj]
f:\SGU\FlightTicketManagement\DTO\Airport\AirportDTO.cs(71,16): warning CS8618: Non-nullable field '_airportCode' must contain a non-null value when exiting constructor. Consider adding the 'required' modifier or declaring the field as nullable. [f:\SGU\FlightTicketManagement\DTO\DTO.csproj]
f:\SGU\FlightTicketManagement\DTO\Airport\AirportDTO.cs(71,16): warning CS8618: Non-nullable field '_airportName' must contain a non-null value when exiting constructor. Consider adding the 'required' modifier or declaring the field as nullable. [f:\SGU\FlightTicketManagement\DTO\DTO.csproj]
f:\SGU\FlightTicketManagement\DTO\Airport\AirportDTO.cs(71,16): warning CS8618: Non-nullable field '_city' must contain a non-null value when exiting constructor. Consider adding the 'required' modifier or declaring the field as nullable. [f:\SGU\FlightTicketManagement\DTO\DTO.csproj]
f:\SGU\FlightTicketManagement\DTO\Airport\AirportDTO.cs(71,16): warning CS8618: Non-nullable field '_country' must contain a non-null value when exiting constructor. Consider adding the 'required' modifier or declaring the field as nullable. [f:\SGU\FlightTicketManagement\DTO\DTO.csproj]
f:\SGU\FlightTicketManagement\DTO\Aircraft\AircraftDTO.cs(95,16): warning CS8618: Non-nullable field '_model' must contain a non-null value when exiting constructor. Consider adding the 'required' modifier or declaring the field as nullable. [f:\SGU\FlightTicketManagement\DTO\DTO.csproj]
f:\SGU\FlightTicketManagement\DTO\Aircraft\AircraftDTO.cs(95,16): warning CS8618: Non-nullable field '_manufacturer' must contain a non-null value when exiting constructor. Consider adding the 'required' modifier or declaring the field as nullable. [f:\SGU\FlightTicketManagement\DTO\DTO.csproj]
f:\SGU\FlightTicketManagement\DTO\Booking\BookingRequestDTO.cs(14,23): warning CS8618: Non-nullable property 'CabinClassName' must contain a non-null value when exiting constructor. Consider adding the 'required' modifier or declaring the property as nullable. [f:\SGU\FlightTicketManagement\DTO\DTO.csproj]
f:\SGU\FlightTicketManagement\DTO\Booking\BookingRequestDTO.cs(23,23): warning CS8618: Non-nullable property 'FlightNumber' must contain a non-null value when exiting constructor. Consider adding the 'required' modifier or declaring the property as nullable. [f:\SGU\FlightTicketManagement\DTO\DTO.csproj]
f:\SGU\FlightTicketManagement\DTO\Booking\BookingRequestDTO.cs(24,23): warning CS8618: Non-nullable property 'DepartureAirportCode' must contain a non-null value when exiting constructor. Consider adding the 'required' modifier or declaring the property as nullable. [f:\SGU\FlightTicketManagement\DTO\DTO.csproj]
f:\SGU\FlightTicketManagement\DTO\Booking\BookingRequestDTO.cs(25,23): warning CS8618: Non-nullable property 'ArrivalAirportCode' must contain a non-null value when exiting constructor. Consider adding the 'required' modifier or declaring the property as nullable. [f:\SGU\FlightTicketManagement\DTO\DTO.csproj]
f:\SGU\FlightTicketManagement\DTO\Ticket\TicketDTO.cs(31,23): warning CS8618: Non-nullable property 'TicketNumber' must contain a non-null value when exiting constructor. Consider adding the 'required' modifier or declaring the property as nullable. [f:\SGU\FlightTicketManagement\DTO\DTO.csproj]
f:\SGU\FlightTicketManagement\DTO\Aircraft\AircraftDTO.cs(100,16): warning CS8618: Non-nullable field '_model' must contain a non-null value when exiting constructor. Consider adding the 'required' modifier or declaring the field as nullable. [f:\SGU\FlightTicketManagement\DTO\DTO.csproj]
f:\SGU\FlightTicketManagement\DTO\Aircraft\AircraftDTO.cs(100,16): warning CS8618: Non-nullable field '_manufacturer' must contain a non-null value when exiting constructor. Consider adding the 'required' modifier or declaring the field as nullable. [f:\SGU\FlightTicketManagement\DTO\DTO.csproj]
f:\SGU\FlightTicketManagement\DTO\Airport\AirportDTO.cs(73,16): warning CS8618: Non-nullable field '_airportCode' must contain a non-null value when exiting constructor. Consider adding the 'required' modifier or declaring the field as nullable. [f:\SGU\FlightTicketManagement\DTO\DTO.csproj]
f:\SGU\FlightTicketManagement\DTO\Airport\AirportDTO.cs(73,16): warning CS8618: Non-nullable field '_airportName' must contain a non-null value when exiting constructor. Consider adding the 'required' modifier or declaring the field as nullable. [f:\SGU\FlightTicketManagement\DTO\DTO.csproj]
f:\SGU\FlightTicketManagement\DTO\Airport\AirportDTO.cs(73,16): warning CS8618: Non-nullable field '_city' must contain a non-null value when exiting constructor. Consider adding the 'required' modifier or declaring the field as nullable. [f:\SGU\FlightTicketManagement\DTO\DTO.csproj]
f:\SGU\FlightTicketManagement\DTO\Airport\AirportDTO.cs(73,16): warning CS8618: Non-nullable field '_country' must contain a non-null value when exiting constructor. Consider adding the 'required' modifier or declaring the field as nullable. [f:\SGU\FlightTicketManagement\DTO\DTO.csproj]
f:\SGU\FlightTicketManagement\DTO\Aircraft\AircraftDTO.cs(111,16): warning CS8618: Non-nullable field '_model' must contain a non-null value when exiting constructor. Consider adding the 'required' modifier or declaring the field as nullable. [f:\SGU\FlightTicketManagement\DTO\DTO.csproj]
f:\SGU\FlightTicketManagement\DTO\Aircraft\AircraftDTO.cs(111,16): warning CS8618: Non-nullable field '_manufacturer' must contain a non-null value when exiting constructor. Consider adding the 'required' modifier or declaring the field as nullable. [f:\SGU\FlightTicketManagement\DTO\DTO.csproj]
f:\SGU\FlightTicketManagement\DTO\Airport\AirportDTO.cs(81,16): warning CS8618: Non-nullable field '_airportCode' must contain a non-null value when exiting constructor. Consider adding the 'required' modifier or declaring the field as nullable. [f:\SGU\FlightTicketManagement\DTO\DTO.csproj]
f:\SGU\FlightTicketManagement\DTO\Airport\AirportDTO.cs(81,16): warning CS8618: Non-nullable field '_airportName' must contain a non-null value when exiting constructor. Consider adding the 'required' modifier or declaring the field as nullable. [f:\SGU\FlightTicketManagement\DTO\DTO.csproj]
f:\SGU\FlightTicketManagement\DTO\Airport\AirportDTO.cs(81,16): warning CS8618: Non-nullable field '_city' must contain a non-null value when exiting constructor. Consider adding the 'required' modifier or declaring the field as nullable. [f:\SGU\FlightTicketManagement\DTO\DTO.csproj]
f:\SGU\FlightTicketManagement\DTO\Airport\AirportDTO.cs(81,16): warning CS8618: Non-nullable field '_country' must contain a non-null value when exiting constructor. Consider adding the 'required' modifier or declaring the field as nullable. [f:\SGU\FlightTicketManagement\DTO\DTO.csproj]
f:\SGU\FlightTicketManagement\DTO\Flight\FlightStatus.cs(28,80): warning CS8604: Possible null reference argument for parameter 'element' in 'Attribute? Attribute.GetCustomAttribute(MemberInfo element, Type attributeType)'. [f:\SGU\FlightTicketManagement\DTO\DTO.csproj]
f:\SGU\FlightTicketManagement\DTO\Flight\FlightStatus.cs(28,29): warning CS8600: Converting null literal or possible null value to non-nullable type. [f:\SGU\FlightTicketManagement\DTO\DTO.csproj]
f:\SGU\FlightTicketManagement\DTO\Flight\FlightSearchCriteriaDTO.cs(37,16): warning CS8618: Non-nullable property 'FlightNumber' must contain a non-null value when exiting constructor. Consider adding the 'required' modifier or declaring the property as nullable. [f:\SGU\FlightTicketManagement\DTO\DTO.csproj]
f:\SGU\FlightTicketManagement\DTO\Airline\AirlineDTO.cs(55,35): warning CS8601: Possible null reference assignment. [f:\SGU\FlightTicketManagement\DTO\DTO.csproj]
f:\SGU\FlightTicketManagement\DTO\Flight\FlightViewModel.cs(29,16): warning CS8618: Non-nullable property 'FlightNumber' must contain a non-null value when exiting constructor. Consider adding the 'required' modifier or declaring the property as nullable. [f:\SGU\FlightTicketManagement\DTO\DTO.csproj]
f:\SGU\FlightTicketManagement\DTO\Flight\FlightViewModel.cs(29,16): warning CS8618: Non-nullable property 'DepartureAirportCode' must contain a non-null value when exiting constructor. Consider adding the 'required' modifier or declaring the property as nullable. [f:\SGU\FlightTicketManagement\DTO\DTO.csproj]
f:\SGU\FlightTicketManagement\DTO\Flight\FlightViewModel.cs(29,16): warning CS8618: Non-nullable property 'DepartureAirportName' must contain a non-null value when exiting constructor. Consider adding the 'required' modifier or declaring the property as nullable. [f:\SGU\FlightTicketManagement\DTO\DTO.csproj]
f:\SGU\FlightTicketManagement\DTO\Flight\FlightViewModel.cs(29,16): warning CS8618: Non-nullable property 'ArrivalAirportCode' must contain a non-null value when exiting constructor. Consider adding the 'required' modifier or declaring the property as nullable. [f:\SGU\FlightTicketManagement\DTO\DTO.csproj]
f:\SGU\FlightTicketManagement\DTO\Flight\FlightViewModel.cs(29,16): warning CS8618: Non-nullable property 'ArrivalAirportName' must contain a non-null value when exiting constructor. Consider adding the 'required' modifier or declaring the property as nullable. [f:\SGU\FlightTicketManagement\DTO\DTO.csproj]
f:\SGU\FlightTicketManagement\DTO\Flight\FlightViewModel.cs(29,16): warning CS8618: Non-nullable property 'AircraftModel' must contain a non-null value when exiting constructor. Consider adding the 'required' modifier or declaring the property as nullable. [f:\SGU\FlightTicketManagement\DTO\DTO.csproj]
f:\SGU\FlightTicketManagement\DTO\Airline\AirlineDTO.cs(60,20): warning CS8618: Non-nullable field '_airlineCode' must contain a non-null value when exiting constructor. Consider adding the 'required' modifier or declaring the field as nullable. [f:\SGU\FlightTicketManagement\DTO\DTO.csproj]
f:\SGU\FlightTicketManagement\DTO\Airline\AirlineDTO.cs(60,20): warning CS8618: Non-nullable field '_airlineName' must contain a non-null value when exiting constructor. Consider adding the 'required' modifier or declaring the field as nullable. [f:\SGU\FlightTicketManagement\DTO\DTO.csproj]
f:\SGU\FlightTicketManagement\DTO\Airline\AirlineDTO.cs(60,20): warning CS8618: Non-nullable field '_country' must contain a non-null value when exiting constructor. Consider adding the 'required' modifier or declaring the field as nullable. [f:\SGU\FlightTicketManagement\DTO\DTO.csproj]
f:\SGU\FlightTicketManagement\DTO\Ticket\NationalDTO.cs(12,23): warning CS8618: Non-nullable property 'CountryName' must contain a non-null value when exiting constructor. Consider adding the 'required' modifier or declaring the property as nullable. [f:\SGU\FlightTicketManagement\DTO\DTO.csproj]
f:\SGU\FlightTicketManagement\DTO\Ticket\NationalDTO.cs(13,23): warning CS8618: Non-nullable property 'CountryCode' must contain a non-null value when exiting constructor. Consider adding the 'required' modifier or declaring the property as nullable. [f:\SGU\FlightTicketManagement\DTO\DTO.csproj]
f:\SGU\FlightTicketManagement\DTO\Ticket\NationalDTO.cs(14,23): warning CS8618: Non-nullable property 'PhoneCode' must contain a non-null value when exiting constructor. Consider adding the 'required' modifier or declaring the property as nullable. [f:\SGU\FlightTicketManagement\DTO\DTO.csproj]
f:\SGU\FlightTicketManagement\DTO\Stats\RevenueReportViewModel.cs(15,26): warning CS8618: Non-nullable property 'MonthlyBreakdown' must contain a non-null value when exiting constructor. Consider adding the 'required' modifier or declaring the property as nullable. [f:\SGU\FlightTicketManagement\DTO\DTO.csproj]
f:\SGU\FlightTicketManagement\DTO\Stats\RevenueReportViewModel.cs(18,26): warning CS8618: Non-nullable property 'RouteBreakdown' must contain a non-null value when exiting constructor. Consider adding the 'required' modifier or declaring the property as nullable. [f:\SGU\FlightTicketManagement\DTO\DTO.csproj]
f:\SGU\FlightTicketManagement\DTO\Airline\AirlineDTO.cs(62,20): warning CS8618: Non-nullable field '_airlineCode' must contain a non-null value when exiting constructor. Consider adding the 'required' modifier or declaring the field as nullable. [f:\SGU\FlightTicketManagement\DTO\DTO.csproj]
f:\SGU\FlightTicketManagement\DTO\Airline\AirlineDTO.cs(62,20): warning CS8618: Non-nullable field '_airlineName' must contain a non-null value when exiting constructor. Consider adding the 'required' modifier or declaring the field as nullable. [f:\SGU\FlightTicketManagement\DTO\DTO.csproj]
f:\SGU\FlightTicketManagement\DTO\Airline\AirlineDTO.cs(62,20): warning CS8618: Non-nullable field '_country' must contain a non-null value when exiting constructor. Consider adding the 'required' modifier or declaring the field as nullable. [f:\SGU\FlightTicketManagement\DTO\DTO.csproj]
f:\SGU\FlightTicketManagement\DTO\Airline\AirlineDTO.cs(69,20): warning CS8618: Non-nullable field '_airlineCode' must contain a non-null value when exiting constructor. Consider adding the 'required' modifier or declaring the field as nullable. [f:\SGU\FlightTicketManagement\DTO\DTO.csproj]
f:\SGU\FlightTicketManagement\DTO\Airline\AirlineDTO.cs(69,20): warning CS8618: Non-nullable field '_airlineName' must contain a non-null value when exiting constructor. Consider adding the 'required' modifier or declaring the field as nullable. [f:\SGU\FlightTicketManagement\DTO\DTO.csproj]
f:\SGU\FlightTicketManagement\DTO\Airline\AirlineDTO.cs(69,20): warning CS8618: Non-nullable field '_country' must contain a non-null value when exiting constructor. Consider adding the 'required' modifier or declaring the field as nullable. [f:\SGU\FlightTicketManagement\DTO\DTO.csproj]
f:\SGU\FlightTicketManagement\DTO\Flight\FlightViewModel.cs(33,16): warning CS8618: Non-nullable property 'AircraftModel' must contain a non-null value when exiting constructor. Consider adding the 'required' modifier or declaring the property as nullable. [f:\SGU\FlightTicketManagement\DTO\DTO.csproj]
f:\SGU\FlightTicketManagement\DTO\Stats\PaymentMethodStatsViewModel.cs(5,23): warning CS8618: Non-nullable property 'PaymentMethod' must contain a non-null value when exiting constructor. Consider adding the 'required' modifier or declaring the property as nullable. [f:\SGU\FlightTicketManagement\DTO\DTO.csproj]
f:\SGU\FlightTicketManagement\DTO\Stats\FlightStatsViewModel.cs(6,23): warning CS8618: Non-nullable property 'FlightCode' must contain a non-null value when exiting constructor. Consider adding the 'required' modifier or declaring the property as nullable. [f:\SGU\FlightTicketManagement\DTO\DTO.csproj]
f:\SGU\FlightTicketManagement\DTO\Stats\FlightStatsViewModel.cs(7,23): warning CS8618: Non-nullable property 'Route' must contain a non-null value when exiting constructor. Consider adding the 'required' modifier or declaring the property as nullable. [f:\SGU\FlightTicketManagement\DTO\DTO.csproj]
f:\SGU\FlightTicketManagement\DTO\Stats\FlightStatsViewModel.cs(8,23): warning CS8618: Non-nullable property 'DepartureTime' must contain a non-null value when exiting constructor. Consider adding the 'required' modifier or declaring the property as nullable. [f:\SGU\FlightTicketManagement\DTO\DTO.csproj]
f:\SGU\FlightTicketManagement\DTO\Stats\FlightStatsViewModel.cs(9,23): warning CS8618: Non-nullable property 'ArrivalTime' must contain a non-null value when exiting constructor. Consider adding the 'required' modifier or declaring the property as nullable. [f:\SGU\FlightTicketManagement\DTO\DTO.csproj]
f:\SGU\FlightTicketManagement\DTO\Flight\FlightWithDetailsDTO.cs(11,23): warning CS8618: Non-nullable property 'FlightNumber' must contain a non-null value when exiting constructor. Consider adding the 'required' modifier or declaring the property as nullable. [f:\SGU\FlightTicketManagement\DTO\DTO.csproj]
f:\SGU\FlightTicketManagement\DTO\Flight\FlightWithDetailsDTO.cs(22,23): warning CS8618: Non-nullable property 'DepartureAirportCode' must contain a non-null value when exiting constructor. Consider adding the 'required' modifier or declaring the property as nullable. [f:\SGU\FlightTicketManagement\DTO\DTO.csproj]
f:\SGU\FlightTicketManagement\DTO\Flight\FlightWithDetailsDTO.cs(23,23): warning CS8618: Non-nullable property 'DepartureAirportName' must contain a non-null value when exiting constructor. Consider adding the 'required' modifier or declaring the property as nullable. [f:\SGU\FlightTicketManagement\DTO\DTO.csproj]
f:\SGU\FlightTicketManagement\DTO\Flight\FlightWithDetailsDTO.cs(24,23): warning CS8618: Non-nullable property 'DepartureCity' must contain a non-null value when exiting constructor. Consider adding the 'required' modifier or declaring the property as nullable. [f:\SGU\FlightTicketManagement\DTO\DTO.csproj]
f:\SGU\FlightTicketManagement\DTO\Flight\FlightWithDetailsDTO.cs(27,23): warning CS8618: Non-nullable property 'ArrivalAirportCode' must contain a non-null value when exiting constructor. Consider adding the 'required' modifier or declaring the property as nullable. [f:\SGU\FlightTicketManagement\DTO\DTO.csproj]
f:\SGU\FlightTicketManagement\DTO\Flight\FlightWithDetailsDTO.cs(28,23): warning CS8618: Non-nullable property 'ArrivalAirportName' must contain a non-null value when exiting constructor. Consider adding the 'required' modifier or declaring the property as nullable. [f:\SGU\FlightTicketManagement\DTO\DTO.csproj]
f:\SGU\FlightTicketManagement\DTO\Flight\FlightWithDetailsDTO.cs(29,23): warning CS8618: Non-nullable property 'ArrivalCity' must contain a non-null value when exiting constructor. Consider adding the 'required' modifier or declaring the property as nullable. [f:\SGU\FlightTicketManagement\DTO\DTO.csproj]
f:\SGU\FlightTicketManagement\DTO\Flight\FlightWithDetailsDTO.cs(32,23): warning CS8618: Non-nullable property 'AircraftModel' must contain a non-null value when exiting constructor. Consider adding the 'required' modifier or declaring the property as nullable. [f:\SGU\FlightTicketManagement\DTO\DTO.csproj]
f:\SGU\FlightTicketManagement\DTO\Flight\FlightWithDetailsDTO.cs(33,23): warning CS8618: Non-nullable property 'AircraftManufacturer' must contain a non-null value when exiting constructor. Consider adding the 'required' modifier or declaring the property as nullable. [f:\SGU\FlightTicketManagement\DTO\DTO.csproj]
f:\SGU\FlightTicketManagement\DTO\Seat\SeatDTO.cs(85,16): warning CS8618: Non-nullable field '_seatNumber' must contain a non-null value when exiting constructor. Consider adding the 'required' modifier or declaring the field as nullable. [f:\SGU\FlightTicketManagement\DTO\DTO.csproj]
f:\SGU\FlightTicketManagement\DTO\Seat\SeatDTO.cs(85,16): warning CS8618: Non-nullable field '_className' must contain a non-null value when exiting constructor. Consider adding the 'required' modifier or declaring the field as nullable. [f:\SGU\FlightTicketManagement\DTO\DTO.csproj]
f:\SGU\FlightTicketManagement\DTO\Seat\SeatDTO.cs(85,16): warning CS8618: Non-nullable field '_aircraftModel' must contain a non-null value when exiting constructor. Consider adding the 'required' modifier or declaring the field as nullable. [f:\SGU\FlightTicketManagement\DTO\DTO.csproj]
f:\SGU\FlightTicketManagement\DTO\Seat\SeatDTO.cs(85,16): warning CS8618: Non-nullable field '_aircraftManufacturer' must contain a non-null value when exiting constructor. Consider adding the 'required' modifier or declaring the field as nullable. [f:\SGU\FlightTicketManagement\DTO\DTO.csproj]
f:\SGU\FlightTicketManagement\DTO\Seat\SeatDTO.cs(88,16): warning CS8618: Non-nullable field '_seatNumber' must contain a non-null value when exiting constructor. Consider adding the 'required' modifier or declaring the field as nullable. [f:\SGU\FlightTicketManagement\DTO\DTO.csproj]
f:\SGU\FlightTicketManagement\DTO\Seat\SeatDTO.cs(88,16): warning CS8618: Non-nullable field '_className' must contain a non-null value when exiting constructor. Consider adding the 'required' modifier or declaring the field as nullable. [f:\SGU\FlightTicketManagement\DTO\DTO.csproj]
f:\SGU\FlightTicketManagement\DTO\Seat\SeatDTO.cs(88,16): warning CS8618: Non-nullable field '_aircraftModel' must contain a non-null value when exiting constructor. Consider adding the 'required' modifier or declaring the field as nullable. [f:\SGU\FlightTicketManagement\DTO\DTO.csproj]
f:\SGU\FlightTicketManagement\DTO\Seat\SeatDTO.cs(88,16): warning CS8618: Non-nullable field '_aircraftManufacturer' must contain a non-null value when exiting constructor. Consider adding the 'required' modifier or declaring the field as nullable. [f:\SGU\FlightTicketManagement\DTO\DTO.csproj]
f:\SGU\FlightTicketManagement\DTO\Seat\SeatDTO.cs(96,16): warning CS8618: Non-nullable field '_seatNumber' must contain a non-null value when exiting constructor. Consider adding the 'required' modifier or declaring the field as nullable. [f:\SGU\FlightTicketManagement\DTO\DTO.csproj]
f:\SGU\FlightTicketManagement\DTO\Seat\SeatDTO.cs(96,16): warning CS8618: Non-nullable field '_className' must contain a non-null value when exiting constructor. Consider adding the 'required' modifier or declaring the field as nullable. [f:\SGU\FlightTicketManagement\DTO\DTO.csproj]
f:\SGU\FlightTicketManagement\DTO\Seat\SeatDTO.cs(96,16): warning CS8618: Non-nullable field '_aircraftModel' must contain a non-null value when exiting constructor. Consider adding the 'required' modifier or declaring the field as nullable. [f:\SGU\FlightTicketManagement\DTO\DTO.csproj]
f:\SGU\FlightTicketManagement\DTO\Seat\SeatDTO.cs(96,16): warning CS8618: Non-nullable field '_aircraftManufacturer' must contain a non-null value when exiting constructor. Consider adding the 'required' modifier or declaring the field as nullable. [f:\SGU\FlightTicketManagement\DTO\DTO.csproj]
f:\SGU\FlightTicketManagement\DTO\Seat\SeatDTO.cs(105,16): warning CS8618: Non-nullable field '_seatNumber' must contain a non-null value when exiting constructor. Consider adding the 'required' modifier or declaring the field as nullable. [f:\SGU\FlightTicketManagement\DTO\DTO.csproj]
f:\SGU\FlightTicketManagement\DTO\Seat\SeatDTO.cs(105,16): warning CS8618: Non-nullable field '_className' must contain a non-null value when exiting constructor. Consider adding the 'required' modifier or declaring the field as nullable. [f:\SGU\FlightTicketManagement\DTO\DTO.csproj]
f:\SGU\FlightTicketManagement\DTO\Seat\SeatDTO.cs(105,16): warning CS8618: Non-nullable field '_aircraftModel' must contain a non-null value when exiting constructor. Consider adding the 'required' modifier or declaring the field as nullable. [f:\SGU\FlightTicketManagement\DTO\DTO.csproj]
f:\SGU\FlightTicketManagement\DTO\Seat\SeatDTO.cs(105,16): warning CS8618: Non-nullable field '_aircraftManufacturer' must contain a non-null value when exiting constructor. Consider adding the 'required' modifier or declaring the field as nullable. [f:\SGU\FlightTicketManagement\DTO\DTO.csproj]
f:\SGU\FlightTicketManagement\DTO\Flight\FlightDTO.cs(111,16): warning CS8618: Non-nullable field '_flightNumber' must contain a non-null value when exiting constructor. Consider adding the 'required' modifier or declaring the field as nullable. [f:\SGU\FlightTicketManagement\DTO\DTO.csproj]
f:\SGU\FlightTicketManagement\DTO\Seat\FlightSeatDTO.cs(84,16): warning CS8618: Non-nullable field '_seatStatus' must contain a non-null value when exiting constructor. Consider adding the 'required' modifier or declaring the field as nullable. [f:\SGU\FlightTicketManagement\DTO\DTO.csproj]
f:\SGU\FlightTicketManagement\DTO\Flight\FlightDTO.cs(116,16): warning CS8618: Non-nullable field '_flightNumber' must contain a non-null value when exiting constructor. Consider adding the 'required' modifier or declaring the field as nullable. [f:\SGU\FlightTicketManagement\DTO\DTO.csproj]
f:\SGU\FlightTicketManagement\DTO\Seat\FlightSeatDTO.cs(87,16): warning CS8618: Non-nullable field '_seatStatus' must contain a non-null value when exiting constructor. Consider adding the 'required' modifier or declaring the field as nullable. [f:\SGU\FlightTicketManagement\DTO\DTO.csproj]
f:\SGU\FlightTicketManagement\DTO\Seat\FlightSeatDTO.cs(98,16): warning CS8618: Non-nullable field '_seatStatus' must contain a non-null value when exiting constructor. Consider adding the 'required' modifier or declaring the field as nullable. [f:\SGU\FlightTicketManagement\DTO\DTO.csproj]
f:\SGU\FlightTicketManagement\DTO\Payment\PaymentDetailDTO.cs(73,36): warning CS8601: Possible null reference assignment. [f:\SGU\FlightTicketManagement\DTO\DTO.csproj]
f:\SGU\FlightTicketManagement\DTO\Payment\PaymentDetailDTO.cs(78,16): warning CS8618: Non-nullable field '_bookingStatus' must contain a non-null value when exiting constructor. Consider adding the 'required' modifier or declaring the field as nullable. [f:\SGU\FlightTicketManagement\DTO\DTO.csproj]
f:\SGU\FlightTicketManagement\DTO\Payment\PaymentDetailDTO.cs(78,16): warning CS8618: Non-nullable field '_accountEmail' must contain a non-null value when exiting constructor. Consider adding the 'required' modifier or declaring the field as nullable. [f:\SGU\FlightTicketManagement\DTO\DTO.csproj]
f:\SGU\FlightTicketManagement\DTO\Flight\FlightDTO.cs(128,16): warning CS8618: Non-nullable field '_flightNumber' must contain a non-null value when exiting constructor. Consider adding the 'required' modifier or declaring the field as nullable. [f:\SGU\FlightTicketManagement\DTO\DTO.csproj]
f:\SGU\FlightTicketManagement\DTO\Seat\FlightSeatDTO.cs(113,16): warning CS8618: Non-nullable field '_seatStatus' must contain a non-null value when exiting constructor. Consider adding the 'required' modifier or declaring the field as nullable. [f:\SGU\FlightTicketManagement\DTO\DTO.csproj]
f:\SGU\FlightTicketManagement\DTO\Payment\PaymentDetailDTO.cs(80,16): warning CS8618: Non-nullable field '_bookingStatus' must contain a non-null value when exiting constructor. Consider adding the 'required' modifier or declaring the field as nullable. [f:\SGU\FlightTicketManagement\DTO\DTO.csproj]
f:\SGU\FlightTicketManagement\DTO\Payment\PaymentDetailDTO.cs(80,16): warning CS8618: Non-nullable field '_accountEmail' must contain a non-null value when exiting constructor. Consider adding the 'required' modifier or declaring the field as nullable. [f:\SGU\FlightTicketManagement\DTO\DTO.csproj]
f:\SGU\FlightTicketManagement\DTO\Payment\PaymentDTO.cs(109,16): warning CS8618: Non-nullable field '_paymentMethod' must contain a non-null value when exiting constructor. Consider adding the 'required' modifier or declaring the field as nullable. [f:\SGU\FlightTicketManagement\DTO\DTO.csproj]
f:\SGU\FlightTicketManagement\DTO\Payment\PaymentDTO.cs(109,16): warning CS8618: Non-nullable field '_status' must contain a non-null value when exiting constructor. Consider adding the 'required' modifier or declaring the field as nullable. [f:\SGU\FlightTicketManagement\DTO\DTO.csproj]
f:\SGU\FlightTicketManagement\DTO\Seat\FlightSeatDTO.cs(130,16): warning CS8618: Non-nullable field '_seatStatus' must contain a non-null value when exiting constructor. Consider adding the 'required' modifier or declaring the field as nullable. [f:\SGU\FlightTicketManagement\DTO\DTO.csproj]
f:\SGU\FlightTicketManagement\DTO\Payment\PaymentDTO.cs(111,16): warning CS8618: Non-nullable field '_paymentMethod' must contain a non-null value when exiting constructor. Consider adding the 'required' modifier or declaring the field as nullable. [f:\SGU\FlightTicketManagement\DTO\DTO.csproj]
f:\SGU\FlightTicketManagement\DTO\Payment\PaymentDTO.cs(111,16): warning CS8618: Non-nullable field '_status' must contain a non-null value when exiting constructor. Consider adding the 'required' modifier or declaring the field as nullable. [f:\SGU\FlightTicketManagement\DTO\DTO.csproj]
f:\SGU\FlightTicketManagement\DTO\Seat\FlightSeatDTO.cs(147,16): warning CS8618: Non-nullable field '_seatStatus' must contain a non-null value when exiting constructor. Consider adding the 'required' modifier or declaring the field as nullable. [f:\SGU\FlightTicketManagement\DTO\DTO.csproj]
f:\SGU\FlightTicketManagement\DTO\Payment\PaymentDTO.cs(120,16): warning CS8618: Non-nullable field '_paymentMethod' must contain a non-null value when exiting constructor. Consider adding the 'required' modifier or declaring the field as nullable. [f:\SGU\FlightTicketManagement\DTO\DTO.csproj]
f:\SGU\FlightTicketManagement\DTO\Payment\PaymentDTO.cs(120,16): warning CS8618: Non-nullable field '_status' must contain a non-null value when exiting constructor. Consider adding the 'required' modifier or declaring the field as nullable. [f:\SGU\FlightTicketManagement\DTO\DTO.csproj]
  DTO -> f:\SGU\FlightTicketManagement\DTO\bin\Debug\net8.0\DTO.dll
  DAO -> f:\SGU\FlightTicketManagement\DAO\bin\Debug\net8.0\DAO.dll
f:\SGU\FlightTicketManagement\BUS\Validation\BookingValidator.cs(33,72): warning CS8604: Possible null reference argument for parameter 'seatNumber' in 'void BookingValidator.ValidateSeatAvailability(int? flightId, int? seatId, string seatNumber)'. [f:\SGU\FlightTicketManagement\BUS\BUS.csproj]
f:\SGU\FlightTicketManagement\BUS\Common\BusinessResult.cs(116,24): warning CS8603: Possible null reference return. [f:\SGU\FlightTicketManagement\BUS\BUS.csproj]
f:\SGU\FlightTicketManagement\BUS\Flight\FlightBUS.cs(554,70): warning CS8629: Nullable value type may be null. [f:\SGU\FlightTicketManagement\BUS\BUS.csproj]
f:\SGU\FlightTicketManagement\BUS\Flight\FlightBUS.cs(561,102): warning CS8629: Nullable value type may be null. [f:\SGU\FlightTicketManagement\BUS\BUS.csproj]
f:\SGU\FlightTicketManagement\BUS\Flight\FlightBUS.cs(12,34): warning CS8618: Non-nullable field '_instance' must contain a non-null value when exiting constructor. Consider adding the 'required' modifier or declaring the field as nullable. [f:\SGU\FlightTicketManagement\BUS\BUS.csproj]
f:\SGU\FlightTicketManagement\BUS\Stats\StatsBUS.cs(237,66): error CS1503: Argument 2: cannot convert from 'DTO.Stats.PaymentStatsReportViewModel' to 'string' [f:\SGU\FlightTicketManagement\BUS\BUS.csproj]
f:\SGU\FlightTicketManagement\BUS\Stats\StatsBUS.cs(262,92): warning CS8625: Cannot convert null literal to non-nullable reference type. [f:\SGU\FlightTicketManagement\BUS\BUS.csproj]
f:\SGU\FlightTicketManagement\BUS\Stats\StatsBUS.cs(284,95): warning CS8625: Cannot convert null literal to non-nullable reference type. [f:\SGU\FlightTicketManagement\BUS\BUS.csproj]
f:\SGU\FlightTicketManagement\BUS\Stats\StatsBUS.cs(306,106): warning CS8625: Cannot convert null literal to non-nullable reference type. [f:\SGU\FlightTicketManagement\BUS\BUS.csproj]
f:\SGU\FlightTicketManagement\BUS\Stats\StatsBUS.cs(328,104): warning CS8625: Cannot convert null literal to non-nullable reference type. [f:\SGU\FlightTicketManagement\BUS\BUS.csproj]
f:\SGU\FlightTicketManagement\BUS\Stats\StatsBUS.cs(14,33): warning CS8618: Non-nullable field '_instance' must contain a non-null value when exiting constructor. Consider adding the 'required' modifier or declaring the field as nullable. [f:\SGU\FlightTicketManagement\BUS\BUS.csproj]

Build FAILED.

f:\SGU\FlightTicketManagement\DTO\Aircraft\AircraftDTO.cs(164,30): warning CS8765: Nullability of type of parameter 'obj' doesn't match overridden member (possibly because of nullability attributes). [f:\SGU\FlightTicketManagement\DTO\DTO.csproj]
f:\SGU\FlightTicketManagement\DTO\Airline\AirlineDTO.cs(118,34): warning CS8765: Nullability of type of parameter 'obj' doesn't match overridden member (possibly because of nullability attributes). [f:\SGU\FlightTicketManagement\DTO\DTO.csproj]
f:\SGU\FlightTicketManagement\DTO\Airport\AirportDTO.cs(132,30): warning CS8765: Nullability of type of parameter 'obj' doesn't match overridden member (possibly because of nullability attributes). [f:\SGU\FlightTicketManagement\DTO\DTO.csproj]
f:\SGU\FlightTicketManagement\DTO\Cabin_Class\CabinClassDTO.cs(91,30): warning CS8765: Nullability of type of parameter 'obj' doesn't match overridden member (possibly because of nullability attributes). [f:\SGU\FlightTicketManagement\DTO\DTO.csproj]
f:\SGU\FlightTicketManagement\DTO\Flight\FlightDTO.cs(224,30): warning CS8765: Nullability of type of parameter 'obj' doesn't match overridden member (possibly because of nullability attributes). [f:\SGU\FlightTicketManagement\DTO\DTO.csproj]
f:\SGU\FlightTicketManagement\DTO\Payment\PaymentDTO.cs(189,30): warning CS8765: Nullability of type of parameter 'obj' doesn't match overridden member (possibly because of nullability attributes). [f:\SGU\FlightTicketManagement\DTO\DTO.csproj]
f:\SGU\FlightTicketManagement\DTO\Seat\FlightSeatDTO.cs(204,30): warning CS8765: Nullability of type of parameter 'obj' doesn't match overridden member (possibly because of nullability attributes). [f:\SGU\FlightTicketManagement\DTO\DTO.csproj]
f:\SGU\FlightTicketManagement\DTO\Route\RouteDTO.cs(140,30): warning CS8765: Nullability of type of parameter 'obj' doesn't match overridden member (possibly because of nullability attributes). [f:\SGU\FlightTicketManagement\DTO\DTO.csproj]
f:\SGU\FlightTicketManagement\DTO\Seat\SeatDTO.cs(159,30): warning CS8765: Nullability of type of parameter 'obj' doesn't match overridden member (possibly because of nullability attributes). [f:\SGU\FlightTicketManagement\DTO\DTO.csproj]
f:\SGU\FlightTicketManagement\DTO\Auth\AccountDto.cs(4,23): warning CS8618: Non-nullable property 'Email' must contain a non-null value when exiting constructor. Consider adding the 'required' modifier or declaring the property as nullable. [f:\SGU\FlightTicketManagement\DTO\DTO.csproj]
f:\SGU\FlightTicketManagement\DTO\Auth\AccountDto.cs(5,23): warning CS8618: Non-nullable property 'Password' must contain a non-null value when exiting constructor. Consider adding the 'required' modifier or declaring the property as nullable. [f:\SGU\FlightTicketManagement\DTO\DTO.csproj]
f:\SGU\FlightTicketManagement\DTO\Ticket\Tickets.cs(14,23): warning CS8618: Non-nullable property 'ticket_number' must contain a non-null value when exiting constructor. Consider adding the 'required' modifier or declaring the property as nullable. [f:\SGU\FlightTicketManagement\DTO\DTO.csproj]
f:\SGU\FlightTicketManagement\DTO\Ticket\Tickets.cs(16,23): warning CS8618: Non-nullable property 'status' must contain a non-null value when exiting constructor. Consider adding the 'required' modifier or declaring the property as nullable. [f:\SGU\FlightTicketManagement\DTO\DTO.csproj]
f:\SGU\FlightTicketManagement\DTO\Baggage\Ticket.cs(16,23): warning CS8618: Non-nullable property 'PassengerName' must contain a non-null value when exiting constructor. Consider adding the 'required' modifier or declaring the property as nullable. [f:\SGU\FlightTicketManagement\DTO\DTO.csproj]
f:\SGU\FlightTicketManagement\DTO\Baggage\Ticket.cs(17,23): warning CS8618: Non-nullable property 'SeatNumber' must contain a non-null value when exiting constructor. Consider adding the 'required' modifier or declaring the property as nullable. [f:\SGU\FlightTicketManagement\DTO\DTO.csproj]
f:\SGU\FlightTicketManagement\DTO\Baggage\Ticket.cs(18,23): warning CS8618: Non-nullable property 'TicketClass' must contain a non-null value when exiting constructor. Consider adding the 'required' modifier or declaring the property as nullable. [f:\SGU\FlightTicketManagement\DTO\DTO.csproj]
f:\SGU\FlightTicketManagement\DTO\Baggage\Ticket.cs(19,23): warning CS8618: Non-nullable property 'Status' must contain a non-null value when exiting constructor. Consider adding the 'required' modifier or declaring the property as nullable. [f:\SGU\FlightTicketManagement\DTO\DTO.csproj]
f:\SGU\FlightTicketManagement\DTO\Baggage\BaggageDTO.cs(11,23): warning CS8618: Non-nullable property 'BaggageTag' must contain a non-null value when exiting constructor. Consider adding the 'required' modifier or declaring the property as nullable. [f:\SGU\FlightTicketManagement\DTO\DTO.csproj]
f:\SGU\FlightTicketManagement\DTO\Baggage\BaggageDTO.cs(14,23): warning CS8618: Non-nullable property 'Type' must contain a non-null value when exiting constructor. Consider adding the 'required' modifier or declaring the property as nullable. [f:\SGU\FlightTicketManagement\DTO\DTO.csproj]
f:\SGU\FlightTicketManagement\DTO\Baggage\BaggageDTO.cs(17,23): warning CS8618: Non-nullable property 'SpecialHandlingNotes' must contain a non-null value when exiting constructor. Consider adding the 'required' modifier or declaring the property as nullable. [f:\SGU\FlightTicketManagement\DTO\DTO.csproj]
f:\SGU\FlightTicketManagement\DTO\Baggage\FightDTO.cs(12,23): warning CS8618: Non-nullable property 'FightCode' must contain a non-null value when exiting constructor. Consider adding the 'required' modifier or declaring the property as nullable. [f:\SGU\FlightTicketManagement\DTO\DTO.csproj]
f:\SGU\FlightTicketManagement\DTO\Baggage\FightDTO.cs(13,23): warning CS8618: Non-nullable property 'DepartureAirport' must contain a non-null value when exiting constructor. Consider adding the 'required' modifier or declaring the property as nullable. [f:\SGU\FlightTicketManagement\DTO\DTO.csproj]
f:\SGU\FlightTicketManagement\DTO\Baggage\FightDTO.cs(14,23): warning CS8618: Non-nullable property 'ArrivalAirport' must contain a non-null value when exiting constructor. Consider adding the 'required' modifier or declaring the property as nullable. [f:\SGU\FlightTicketManagement\DTO\DTO.csproj]
f:\SGU\FlightTicketManagement\DTO\Baggage\FightDTO.cs(17,23): warning CS8618: Non-nullable property 'Status' must contain a non-null value when exiting constructor. Consider adding the 'required' modifier or declaring the property as nullable. [f:\SGU\FlightTicketManagement\DTO\DTO.csproj]
f:\SGU\FlightTicketManagement\DTO\Baggage\CabinClassDTO.cs(12,23): warning CS8618: Non-nullable property 'ClassName' must contain a non-null value when exiting constructor. Consider adding the 'required' modifier or declaring the property as nullable. [f:\SGU\FlightTicketManagement\DTO\DTO.csproj]
f:\SGU\FlightTicketManagement\DTO\Baggage\CabinClassDTO.cs(13,23): warning CS8618: Non-nullable property 'Description' must contain a non-null value when exiting constructor. Consider adding the 'required' modifier or declaring the property as nullable. [f:\SGU\FlightTicketManagement\DTO\DTO.csproj]
f:\SGU\FlightTicketManagement\DTO\Baggage\TicketBaggageDTO.cs(13,23): warning CS8618: Non-nullable property 'BaggageType' must contain a non-null value when exiting constructor. Consider adding the 'required' modifier or declaring the property as nullable. [f:\SGU\FlightTicketManagement\DTO\DTO.csproj]
f:\SGU\FlightTicketManagement\DTO\Baggage\TicketBaggageDTO.cs(17,23): warning CS8618: Non-nullable property 'Note' must contain a non-null value when exiting constructor. Consider adding the 'required' modifier or declaring the property as nullable. [f:\SGU\FlightTicketManagement\DTO\DTO.csproj]
f:\SGU\FlightTicketManagement\DTO\Baggage\TicketBaggageDTO.cs(22,23): warning CS8618: Non-nullable property 'Description' must contain a non-null value when exiting constructor. Consider adding the 'required' modifier or declaring the property as nullable. [f:\SGU\FlightTicketManagement\DTO\DTO.csproj]
f:\SGU\FlightTicketManagement\DTO\Baggage\CheckedBaggageDTO.cs(14,23): warning CS8618: Non-nullable property 'Description' must contain a non-null value when exiting constructor. Consider adding the 'required' modifier or declaring the property as nullable. [f:\SGU\FlightTicketManagement\DTO\DTO.csproj]
f:\SGU\FlightTicketManagement\DTO\Ticket\TicketListDTO.cs(12,23): warning CS8618: Non-nullable property 'TicketNumber' must contain a non-null value when exiting constructor. Consider adding the 'required' modifier or declaring the property as nullable. [f:\SGU\FlightTicketManagement\DTO\DTO.csproj]
f:\SGU\FlightTicketManagement\DTO\Ticket\TicketListDTO.cs(13,23): warning CS8618: Non-nullable property 'PassengerName' must contain a non-null value when exiting constructor. Consider adding the 'required' modifier or declaring the property as nullable. [f:\SGU\FlightTicketManagement\DTO\DTO.csproj]
f:\SGU\FlightTicketManagement\DTO\Ticket\TicketListDTO.cs(14,23): warning CS8618: Non-nullable property 'FlightNumber' must contain a non-null value when exiting constructor. Consider adding the 'required' modifier or declaring the property as nullable. [f:\SGU\FlightTicketManagement\DTO\DTO.csproj]
f:\SGU\FlightTicketManagement\DTO\Ticket\TicketListDTO.cs(15,23): warning CS8618: Non-nullable property 'Route' must contain a non-null value when exiting constructor. Consider adding the 'required' modifier or declaring the property as nullable. [f:\SGU\FlightTicketManagement\DTO\DTO.csproj]
f:\SGU\FlightTicketManagement\DTO\Ticket\TicketListDTO.cs(17,23): warning CS8618: Non-nullable property 'SeatCode' must contain a non-null value when exiting constructor. Consider adding the 'required' modifier or declaring the property as nullable. [f:\SGU\FlightTicketManagement\DTO\DTO.csproj]
f:\SGU\FlightTicketManagement\DTO\Ticket\TicketListDTO.cs(19,23): warning CS8618: Non-nullable property 'Status' must contain a non-null value when exiting constructor. Consider adding the 'required' modifier or declaring the property as nullable. [f:\SGU\FlightTicketManagement\DTO\DTO.csproj]
f:\SGU\FlightTicketManagement\DTO\Baggage\CarryOnBaggageDTO.cs(14,23): warning CS8618: Non-nullable property 'ClassName' must contain a non-null value when exiting constructor. Consider adding the 'required' modifier or declaring the property as nullable. [f:\SGU\FlightTicketManagement\DTO\DTO.csproj]
f:\SGU\FlightTicketManagement\DTO\Baggage\CarryOnBaggageDTO.cs(15,23): warning CS8618: Non-nullable property 'SizeLimit' must contain a non-null value when exiting constructor. Consider adding the 'required' modifier or declaring the property as nullable. [f:\SGU\FlightTicketManagement\DTO\DTO.csproj]
f:\SGU\FlightTicketManagement\DTO\Baggage\CarryOnBaggageDTO.cs(16,23): warning CS8618: Non-nullable property 'Description' must contain a non-null value when exiting constructor. Consider adding the 'required' modifier or declaring the property as nullable. [f:\SGU\FlightTicketManagement\DTO\DTO.csproj]
f:\SGU\FlightTicketManagement\DTO\Aircraft\AircraftDTO.cs(50,29): warning CS8601: Possible null reference assignment. [f:\SGU\FlightTicketManagement\DTO\DTO.csproj]
f:\SGU\FlightTicketManagement\DTO\Ticket\TicketHistoryDTO.cs(11,23): warning CS8618: Non-nullable property 'TicketNumber' must contain a non-null value when exiting constructor. Consider adding the 'required' modifier or declaring the property as nullable. [f:\SGU\FlightTicketManagement\DTO\DTO.csproj]
f:\SGU\FlightTicketManagement\DTO\Ticket\TicketHistoryDTO.cs(13,23): warning CS8618: Non-nullable property 'status' must contain a non-null value when exiting constructor. Consider adding the 'required' modifier or declaring the property as nullable. [f:\SGU\FlightTicketManagement\DTO\DTO.csproj]
f:\SGU\FlightTicketManagement\DTO\Ticket\TicketHistoryDTO.cs(14,23): warning CS8618: Non-nullable property 'old_status' must contain a non-null value when exiting constructor. Consider adding the 'required' modifier or declaring the property as nullable. [f:\SGU\FlightTicketManagement\DTO\DTO.csproj]
f:\SGU\FlightTicketManagement\DTO\Ticket\TicketHistoryDTO.cs(15,23): warning CS8618: Non-nullable property 'new_status' must contain a non-null value when exiting constructor. Consider adding the 'required' modifier or declaring the property as nullable. [f:\SGU\FlightTicketManagement\DTO\DTO.csproj]
f:\SGU\FlightTicketManagement\DTO\Cabin_Class\CabinClassDTO.cs(43,35): warning CS8601: Possible null reference assignment. [f:\SGU\FlightTicketManagement\DTO\DTO.csproj]
f:\SGU\FlightTicketManagement\DTO\Aircraft\AircraftDTO.cs(59,36): warning CS8601: Possible null reference assignment. [f:\SGU\FlightTicketManagement\DTO\DTO.csproj]
f:\SGU\FlightTicketManagement\DTO\Cabin_Class\CabinClassDTO.cs(48,16): warning CS8618: Non-nullable field '_className' must contain a non-null value when exiting constructor. Consider adding the 'required' modifier or declaring the field as nullable. [f:\SGU\FlightTicketManagement\DTO\DTO.csproj]
f:\SGU\FlightTicketManagement\DTO\Cabin_Class\CabinClassDTO.cs(48,16): warning CS8618: Non-nullable field '_description' must contain a non-null value when exiting constructor. Consider adding the 'required' modifier or declaring the field as nullable. [f:\SGU\FlightTicketManagement\DTO\DTO.csproj]
f:\SGU\FlightTicketManagement\DTO\Cabin_Class\CabinClassDTO.cs(50,16): warning CS8618: Non-nullable field '_className' must contain a non-null value when exiting constructor. Consider adding the 'required' modifier or declaring the field as nullable. [f:\SGU\FlightTicketManagement\DTO\DTO.csproj]
f:\SGU\FlightTicketManagement\DTO\Cabin_Class\CabinClassDTO.cs(50,16): warning CS8618: Non-nullable field '_description' must contain a non-null value when exiting constructor. Consider adding the 'required' modifier or declaring the field as nullable. [f:\SGU\FlightTicketManagement\DTO\DTO.csproj]
f:\SGU\FlightTicketManagement\DTO\Ticket\TicketHistory.cs(15,23): warning CS8618: Non-nullable property 'old_status' must contain a non-null value when exiting constructor. Consider adding the 'required' modifier or declaring the property as nullable. [f:\SGU\FlightTicketManagement\DTO\DTO.csproj]
f:\SGU\FlightTicketManagement\DTO\Ticket\TicketHistory.cs(16,23): warning CS8618: Non-nullable property 'new_status' must contain a non-null value when exiting constructor. Consider adding the 'required' modifier or declaring the property as nullable. [f:\SGU\FlightTicketManagement\DTO\DTO.csproj]
f:\SGU\FlightTicketManagement\DTO\Cabin_Class\CabinClassDTO.cs(56,16): warning CS8618: Non-nullable field '_className' must contain a non-null value when exiting constructor. Consider adding the 'required' modifier or declaring the field as nullable. [f:\SGU\FlightTicketManagement\DTO\DTO.csproj]
f:\SGU\FlightTicketManagement\DTO\Cabin_Class\CabinClassDTO.cs(56,16): warning CS8618: Non-nullable field '_description' must contain a non-null value when exiting constructor. Consider adding the 'required' modifier or declaring the field as nullable. [f:\SGU\FlightTicketManagement\DTO\DTO.csproj]
f:\SGU\FlightTicketManagement\DTO\Airport\AirportDTO.cs(60,28): warning CS8601: Possible null reference assignment. [f:\SGU\FlightTicketManagement\DTO\DTO.csproj]
f:\SGU\FlightTicketManagement\DTO\Airport\AirportDTO.cs(66,31): warning CS8601: Possible null reference assignment. [f:\SGU\FlightTicketManagement\DTO\DTO.csproj]
f:\SGU\FlightTicketManagement\DTO\Airport\AirportDTO.cs(71,16): warning CS8618: Non-nullable field '_airportCode' must contain a non-null value when exiting constructor. Consider adding the 'required' modifier or declaring the field as nullable. [f:\SGU\FlightTicketManagement\DTO\DTO.csproj]
f:\SGU\FlightTicketManagement\DTO\Airport\AirportDTO.cs(71,16): warning CS8618: Non-nullable field '_airportName' must contain a non-null value when exiting constructor. Consider adding the 'required' modifier or declaring the field as nullable. [f:\SGU\FlightTicketManagement\DTO\DTO.csproj]
f:\SGU\FlightTicketManagement\DTO\Airport\AirportDTO.cs(71,16): warning CS8618: Non-nullable field '_city' must contain a non-null value when exiting constructor. Consider adding the 'required' modifier or declaring the field as nullable. [f:\SGU\FlightTicketManagement\DTO\DTO.csproj]
f:\SGU\FlightTicketManagement\DTO\Airport\AirportDTO.cs(71,16): warning CS8618: Non-nullable field '_country' must contain a non-null value when exiting constructor. Consider adding the 'required' modifier or declaring the field as nullable. [f:\SGU\FlightTicketManagement\DTO\DTO.csproj]
f:\SGU\FlightTicketManagement\DTO\Aircraft\AircraftDTO.cs(95,16): warning CS8618: Non-nullable field '_model' must contain a non-null value when exiting constructor. Consider adding the 'required' modifier or declaring the field as nullable. [f:\SGU\FlightTicketManagement\DTO\DTO.csproj]
f:\SGU\FlightTicketManagement\DTO\Aircraft\AircraftDTO.cs(95,16): warning CS8618: Non-nullable field '_manufacturer' must contain a non-null value when exiting constructor. Consider adding the 'required' modifier or declaring the field as nullable. [f:\SGU\FlightTicketManagement\DTO\DTO.csproj]
f:\SGU\FlightTicketManagement\DTO\Booking\BookingRequestDTO.cs(14,23): warning CS8618: Non-nullable property 'CabinClassName' must contain a non-null value when exiting constructor. Consider adding the 'required' modifier or declaring the property as nullable. [f:\SGU\FlightTicketManagement\DTO\DTO.csproj]
f:\SGU\FlightTicketManagement\DTO\Booking\BookingRequestDTO.cs(23,23): warning CS8618: Non-nullable property 'FlightNumber' must contain a non-null value when exiting constructor. Consider adding the 'required' modifier or declaring the property as nullable. [f:\SGU\FlightTicketManagement\DTO\DTO.csproj]
f:\SGU\FlightTicketManagement\DTO\Booking\BookingRequestDTO.cs(24,23): warning CS8618: Non-nullable property 'DepartureAirportCode' must contain a non-null value when exiting constructor. Consider adding the 'required' modifier or declaring the property as nullable. [f:\SGU\FlightTicketManagement\DTO\DTO.csproj]
f:\SGU\FlightTicketManagement\DTO\Booking\BookingRequestDTO.cs(25,23): warning CS8618: Non-nullable property 'ArrivalAirportCode' must contain a non-null value when exiting constructor. Consider adding the 'required' modifier or declaring the property as nullable. [f:\SGU\FlightTicketManagement\DTO\DTO.csproj]
f:\SGU\FlightTicketManagement\DTO\Ticket\TicketDTO.cs(31,23): warning CS8618: Non-nullable property 'TicketNumber' must contain a non-null value when exiting constructor. Consider adding the 'required' modifier or declaring the property as nullable. [f:\SGU\FlightTicketManagement\DTO\DTO.csproj]
f:\SGU\FlightTicketManagement\DTO\Aircraft\AircraftDTO.cs(100,16): warning CS8618: Non-nullable field '_model' must contain a non-null value when exiting constructor. Consider adding the 'required' modifier or declaring the field as nullable. [f:\SGU\FlightTicketManagement\DTO\DTO.csproj]
f:\SGU\FlightTicketManagement\DTO\Aircraft\AircraftDTO.cs(100,16): warning CS8618: Non-nullable field '_manufacturer' must contain a non-null value when exiting constructor. Consider adding the 'required' modifier or declaring the field as nullable. [f:\SGU\FlightTicketManagement\DTO\DTO.csproj]
f:\SGU\FlightTicketManagement\DTO\Airport\AirportDTO.cs(73,16): warning CS8618: Non-nullable field '_airportCode' must contain a non-null value when exiting constructor. Consider adding the 'required' modifier or declaring the field as nullable. [f:\SGU\FlightTicketManagement\DTO\DTO.csproj]
f:\SGU\FlightTicketManagement\DTO\Airport\AirportDTO.cs(73,16): warning CS8618: Non-nullable field '_airportName' must contain a non-null value when exiting constructor. Consider adding the 'required' modifier or declaring the field as nullable. [f:\SGU\FlightTicketManagement\DTO\DTO.csproj]
f:\SGU\FlightTicketManagement\DTO\Airport\AirportDTO.cs(73,16): warning CS8618: Non-nullable field '_city' must contain a non-null value when exiting constructor. Consider adding the 'required' modifier or declaring the field as nullable. [f:\SGU\FlightTicketManagement\DTO\DTO.csproj]
f:\SGU\FlightTicketManagement\DTO\Airport\AirportDTO.cs(73,16): warning CS8618: Non-nullable field '_country' must contain a non-null value when exiting constructor. Consider adding the 'required' modifier or declaring the field as nullable. [f:\SGU\FlightTicketManagement\DTO\DTO.csproj]
f:\SGU\FlightTicketManagement\DTO\Aircraft\AircraftDTO.cs(111,16): warning CS8618: Non-nullable field '_model' must contain a non-null value when exiting constructor. Consider adding the 'required' modifier or declaring the field as nullable. [f:\SGU\FlightTicketManagement\DTO\DTO.csproj]
f:\SGU\FlightTicketManagement\DTO\Aircraft\AircraftDTO.cs(111,16): warning CS8618: Non-nullable field '_manufacturer' must contain a non-null value when exiting constructor. Consider adding the 'required' modifier or declaring the field as nullable. [f:\SGU\FlightTicketManagement\DTO\DTO.csproj]
f:\SGU\FlightTicketManagement\DTO\Airport\AirportDTO.cs(81,16): warning CS8618: Non-nullable field '_airportCode' must contain a non-null value when exiting constructor. Consider adding the 'required' modifier or declaring the field as nullable. [f:\SGU\FlightTicketManagement\DTO\DTO.csproj]
f:\SGU\FlightTicketManagement\DTO\Airport\AirportDTO.cs(81,16): warning CS8618: Non-nullable field '_airportName' must contain a non-null value when exiting constructor. Consider adding the 'required' modifier or declaring the field as nullable. [f:\SGU\FlightTicketManagement\DTO\DTO.csproj]
f:\SGU\FlightTicketManagement\DTO\Airport\AirportDTO.cs(81,16): warning CS8618: Non-nullable field '_city' must contain a non-null value when exiting constructor. Consider adding the 'required' modifier or declaring the field as nullable. [f:\SGU\FlightTicketManagement\DTO\DTO.csproj]
f:\SGU\FlightTicketManagement\DTO\Airport\AirportDTO.cs(81,16): warning CS8618: Non-nullable field '_country' must contain a non-null value when exiting constructor. Consider adding the 'required' modifier or declaring the field as nullable. [f:\SGU\FlightTicketManagement\DTO\DTO.csproj]
f:\SGU\FlightTicketManagement\DTO\Flight\FlightStatus.cs(28,80): warning CS8604: Possible null reference argument for parameter 'element' in 'Attribute? Attribute.GetCustomAttribute(MemberInfo element, Type attributeType)'. [f:\SGU\FlightTicketManagement\DTO\DTO.csproj]
f:\SGU\FlightTicketManagement\DTO\Flight\FlightStatus.cs(28,29): warning CS8600: Converting null literal or possible null value to non-nullable type. [f:\SGU\FlightTicketManagement\DTO\DTO.csproj]
f:\SGU\FlightTicketManagement\DTO\Flight\FlightSearchCriteriaDTO.cs(37,16): warning CS8618: Non-nullable property 'FlightNumber' must contain a non-null value when exiting constructor. Consider adding the 'required' modifier or declaring the property as nullable. [f:\SGU\FlightTicketManagement\DTO\DTO.csproj]
f:\SGU\FlightTicketManagement\DTO\Airline\AirlineDTO.cs(55,35): warning CS8601: Possible null reference assignment. [f:\SGU\FlightTicketManagement\DTO\DTO.csproj]
f:\SGU\FlightTicketManagement\DTO\Flight\FlightViewModel.cs(29,16): warning CS8618: Non-nullable property 'FlightNumber' must contain a non-null value when exiting constructor. Consider adding the 'required' modifier or declaring the property as nullable. [f:\SGU\FlightTicketManagement\DTO\DTO.csproj]
f:\SGU\FlightTicketManagement\DTO\Flight\FlightViewModel.cs(29,16): warning CS8618: Non-nullable property 'DepartureAirportCode' must contain a non-null value when exiting constructor. Consider adding the 'required' modifier or declaring the property as nullable. [f:\SGU\FlightTicketManagement\DTO\DTO.csproj]
f:\SGU\FlightTicketManagement\DTO\Flight\FlightViewModel.cs(29,16): warning CS8618: Non-nullable property 'DepartureAirportName' must contain a non-null value when exiting constructor. Consider adding the 'required' modifier or declaring the property as nullable. [f:\SGU\FlightTicketManagement\DTO\DTO.csproj]
f:\SGU\FlightTicketManagement\DTO\Flight\FlightViewModel.cs(29,16): warning CS8618: Non-nullable property 'ArrivalAirportCode' must contain a non-null value when exiting constructor. Consider adding the 'required' modifier or declaring the property as nullable. [f:\SGU\FlightTicketManagement\DTO\DTO.csproj]
f:\SGU\FlightTicketManagement\DTO\Flight\FlightViewModel.cs(29,16): warning CS8618: Non-nullable property 'ArrivalAirportName' must contain a non-null value when exiting constructor. Consider adding the 'required' modifier or declaring the property as nullable. [f:\SGU\FlightTicketManagement\DTO\DTO.csproj]
f:\SGU\FlightTicketManagement\DTO\Flight\FlightViewModel.cs(29,16): warning CS8618: Non-nullable property 'AircraftModel' must contain a non-null value when exiting constructor. Consider adding the 'required' modifier or declaring the property as nullable. [f:\SGU\FlightTicketManagement\DTO\DTO.csproj]
f:\SGU\FlightTicketManagement\DTO\Airline\AirlineDTO.cs(60,20): warning CS8618: Non-nullable field '_airlineCode' must contain a non-null value when exiting constructor. Consider adding the 'required' modifier or declaring the field as nullable. [f:\SGU\FlightTicketManagement\DTO\DTO.csproj]
f:\SGU\FlightTicketManagement\DTO\Airline\AirlineDTO.cs(60,20): warning CS8618: Non-nullable field '_airlineName' must contain a non-null value when exiting constructor. Consider adding the 'required' modifier or declaring the field as nullable. [f:\SGU\FlightTicketManagement\DTO\DTO.csproj]
f:\SGU\FlightTicketManagement\DTO\Airline\AirlineDTO.cs(60,20): warning CS8618: Non-nullable field '_country' must contain a non-null value when exiting constructor. Consider adding the 'required' modifier or declaring the field as nullable. [f:\SGU\FlightTicketManagement\DTO\DTO.csproj]
f:\SGU\FlightTicketManagement\DTO\Ticket\NationalDTO.cs(12,23): warning CS8618: Non-nullable property 'CountryName' must contain a non-null value when exiting constructor. Consider adding the 'required' modifier or declaring the property as nullable. [f:\SGU\FlightTicketManagement\DTO\DTO.csproj]
f:\SGU\FlightTicketManagement\DTO\Ticket\NationalDTO.cs(13,23): warning CS8618: Non-nullable property 'CountryCode' must contain a non-null value when exiting constructor. Consider adding the 'required' modifier or declaring the property as nullable. [f:\SGU\FlightTicketManagement\DTO\DTO.csproj]
f:\SGU\FlightTicketManagement\DTO\Ticket\NationalDTO.cs(14,23): warning CS8618: Non-nullable property 'PhoneCode' must contain a non-null value when exiting constructor. Consider adding the 'required' modifier or declaring the property as nullable. [f:\SGU\FlightTicketManagement\DTO\DTO.csproj]
f:\SGU\FlightTicketManagement\DTO\Stats\RevenueReportViewModel.cs(15,26): warning CS8618: Non-nullable property 'MonthlyBreakdown' must contain a non-null value when exiting constructor. Consider adding the 'required' modifier or declaring the property as nullable. [f:\SGU\FlightTicketManagement\DTO\DTO.csproj]
f:\SGU\FlightTicketManagement\DTO\Stats\RevenueReportViewModel.cs(18,26): warning CS8618: Non-nullable property 'RouteBreakdown' must contain a non-null value when exiting constructor. Consider adding the 'required' modifier or declaring the property as nullable. [f:\SGU\FlightTicketManagement\DTO\DTO.csproj]
f:\SGU\FlightTicketManagement\DTO\Airline\AirlineDTO.cs(62,20): warning CS8618: Non-nullable field '_airlineCode' must contain a non-null value when exiting constructor. Consider adding the 'required' modifier or declaring the field as nullable. [f:\SGU\FlightTicketManagement\DTO\DTO.csproj]
f:\SGU\FlightTicketManagement\DTO\Airline\AirlineDTO.cs(62,20): warning CS8618: Non-nullable field '_airlineName' must contain a non-null value when exiting constructor. Consider adding the 'required' modifier or declaring the field as nullable. [f:\SGU\FlightTicketManagement\DTO\DTO.csproj]
f:\SGU\FlightTicketManagement\DTO\Airline\AirlineDTO.cs(62,20): warning CS8618: Non-nullable field '_country' must contain a non-null value when exiting constructor. Consider adding the 'required' modifier or declaring the field as nullable. [f:\SGU\FlightTicketManagement\DTO\DTO.csproj]
f:\SGU\FlightTicketManagement\DTO\Airline\AirlineDTO.cs(69,20): warning CS8618: Non-nullable field '_airlineCode' must contain a non-null value when exiting constructor. Consider adding the 'required' modifier or declaring the field as nullable. [f:\SGU\FlightTicketManagement\DTO\DTO.csproj]
f:\SGU\FlightTicketManagement\DTO\Airline\AirlineDTO.cs(69,20): warning CS8618: Non-nullable field '_airlineName' must contain a non-null value when exiting constructor. Consider adding the 'required' modifier or declaring the field as nullable. [f:\SGU\FlightTicketManagement\DTO\DTO.csproj]
f:\SGU\FlightTicketManagement\DTO\Airline\AirlineDTO.cs(69,20): warning CS8618: Non-nullable field '_country' must contain a non-null value when exiting constructor. Consider adding the 'required' modifier or declaring the field as nullable. [f:\SGU\FlightTicketManagement\DTO\DTO.csproj]
f:\SGU\FlightTicketManagement\DTO\Flight\FlightViewModel.cs(33,16): warning CS8618: Non-nullable property 'AircraftModel' must contain a non-null value when exiting constructor. Consider adding the 'required' modifier or declaring the property as nullable. [f:\SGU\FlightTicketManagement\DTO\DTO.csproj]
f:\SGU\FlightTicketManagement\DTO\Stats\PaymentMethodStatsViewModel.cs(5,23): warning CS8618: Non-nullable property 'PaymentMethod' must contain a non-null value when exiting constructor. Consider adding the 'required' modifier or declaring the property as nullable. [f:\SGU\FlightTicketManagement\DTO\DTO.csproj]
f:\SGU\FlightTicketManagement\DTO\Stats\FlightStatsViewModel.cs(6,23): warning CS8618: Non-nullable property 'FlightCode' must contain a non-null value when exiting constructor. Consider adding the 'required' modifier or declaring the property as nullable. [f:\SGU\FlightTicketManagement\DTO\DTO.csproj]
f:\SGU\FlightTicketManagement\DTO\Stats\FlightStatsViewModel.cs(7,23): warning CS8618: Non-nullable property 'Route' must contain a non-null value when exiting constructor. Consider adding the 'required' modifier or declaring the property as nullable. [f:\SGU\FlightTicketManagement\DTO\DTO.csproj]
f:\SGU\FlightTicketManagement\DTO\Stats\FlightStatsViewModel.cs(8,23): warning CS8618: Non-nullable property 'DepartureTime' must contain a non-null value when exiting constructor. Consider adding the 'required' modifier or declaring the property as nullable. [f:\SGU\FlightTicketManagement\DTO\DTO.csproj]
f:\SGU\FlightTicketManagement\DTO\Stats\FlightStatsViewModel.cs(9,23): warning CS8618: Non-nullable property 'ArrivalTime' must contain a non-null value when exiting constructor. Consider adding the 'required' modifier or declaring the property as nullable. [f:\SGU\FlightTicketManagement\DTO\DTO.csproj]
f:\SGU\FlightTicketManagement\DTO\Flight\FlightWithDetailsDTO.cs(11,23): warning CS8618: Non-nullable property 'FlightNumber' must contain a non-null value when exiting constructor. Consider adding the 'required' modifier or declaring the property as nullable. [f:\SGU\FlightTicketManagement\DTO\DTO.csproj]
f:\SGU\FlightTicketManagement\DTO\Flight\FlightWithDetailsDTO.cs(22,23): warning CS8618: Non-nullable property 'DepartureAirportCode' must contain a non-null value when exiting constructor. Consider adding the 'required' modifier or declaring the property as nullable. [f:\SGU\FlightTicketManagement\DTO\DTO.csproj]
f:\SGU\FlightTicketManagement\DTO\Flight\FlightWithDetailsDTO.cs(23,23): warning CS8618: Non-nullable property 'DepartureAirportName' must contain a non-null value when exiting constructor. Consider adding the 'required' modifier or declaring the property as nullable. [f:\SGU\FlightTicketManagement\DTO\DTO.csproj]
f:\SGU\FlightTicketManagement\DTO\Flight\FlightWithDetailsDTO.cs(24,23): warning CS8618: Non-nullable property 'DepartureCity' must contain a non-null value when exiting constructor. Consider adding the 'required' modifier or declaring the property as nullable. [f:\SGU\FlightTicketManagement\DTO\DTO.csproj]
f:\SGU\FlightTicketManagement\DTO\Flight\FlightWithDetailsDTO.cs(27,23): warning CS8618: Non-nullable property 'ArrivalAirportCode' must contain a non-null value when exiting constructor. Consider adding the 'required' modifier or declaring the property as nullable. [f:\SGU\FlightTicketManagement\DTO\DTO.csproj]
f:\SGU\FlightTicketManagement\DTO\Flight\FlightWithDetailsDTO.cs(28,23): warning CS8618: Non-nullable property 'ArrivalAirportName' must contain a non-null value when exiting constructor. Consider adding the 'required' modifier or declaring the property as nullable. [f:\SGU\FlightTicketManagement\DTO\DTO.csproj]
f:\SGU\FlightTicketManagement\DTO\Flight\FlightWithDetailsDTO.cs(29,23): warning CS8618: Non-nullable property 'ArrivalCity' must contain a non-null value when exiting constructor. Consider adding the 'required' modifier or declaring the property as nullable. [f:\SGU\FlightTicketManagement\DTO\DTO.csproj]
f:\SGU\FlightTicketManagement\DTO\Flight\FlightWithDetailsDTO.cs(32,23): warning CS8618: Non-nullable property 'AircraftModel' must contain a non-null value when exiting constructor. Consider adding the 'required' modifier or declaring the property as nullable. [f:\SGU\FlightTicketManagement\DTO\DTO.csproj]
f:\SGU\FlightTicketManagement\DTO\Flight\FlightWithDetailsDTO.cs(33,23): warning CS8618: Non-nullable property 'AircraftManufacturer' must contain a non-null value when exiting constructor. Consider adding the 'required' modifier or declaring the property as nullable. [f:\SGU\FlightTicketManagement\DTO\DTO.csproj]
f:\SGU\FlightTicketManagement\DTO\Seat\SeatDTO.cs(85,16): warning CS8618: Non-nullable field '_seatNumber' must contain a non-null value when exiting constructor. Consider adding the 'required' modifier or declaring the field as nullable. [f:\SGU\FlightTicketManagement\DTO\DTO.csproj]
f:\SGU\FlightTicketManagement\DTO\Seat\SeatDTO.cs(85,16): warning CS8618: Non-nullable field '_className' must contain a non-null value when exiting constructor. Consider adding the 'required' modifier or declaring the field as nullable. [f:\SGU\FlightTicketManagement\DTO\DTO.csproj]
f:\SGU\FlightTicketManagement\DTO\Seat\SeatDTO.cs(85,16): warning CS8618: Non-nullable field '_aircraftModel' must contain a non-null value when exiting constructor. Consider adding the 'required' modifier or declaring the field as nullable. [f:\SGU\FlightTicketManagement\DTO\DTO.csproj]
f:\SGU\FlightTicketManagement\DTO\Seat\SeatDTO.cs(85,16): warning CS8618: Non-nullable field '_aircraftManufacturer' must contain a non-null value when exiting constructor. Consider adding the 'required' modifier or declaring the field as nullable. [f:\SGU\FlightTicketManagement\DTO\DTO.csproj]
f:\SGU\FlightTicketManagement\DTO\Seat\SeatDTO.cs(88,16): warning CS8618: Non-nullable field '_seatNumber' must contain a non-null value when exiting constructor. Consider adding the 'required' modifier or declaring the field as nullable. [f:\SGU\FlightTicketManagement\DTO\DTO.csproj]
f:\SGU\FlightTicketManagement\DTO\Seat\SeatDTO.cs(88,16): warning CS8618: Non-nullable field '_className' must contain a non-null value when exiting constructor. Consider adding the 'required' modifier or declaring the field as nullable. [f:\SGU\FlightTicketManagement\DTO\DTO.csproj]
f:\SGU\FlightTicketManagement\DTO\Seat\SeatDTO.cs(88,16): warning CS8618: Non-nullable field '_aircraftModel' must contain a non-null value when exiting constructor. Consider adding the 'required' modifier or declaring the field as nullable. [f:\SGU\FlightTicketManagement\DTO\DTO.csproj]
f:\SGU\FlightTicketManagement\DTO\Seat\SeatDTO.cs(88,16): warning CS8618: Non-nullable field '_aircraftManufacturer' must contain a non-null value when exiting constructor. Consider adding the 'required' modifier or declaring the field as nullable. [f:\SGU\FlightTicketManagement\DTO\DTO.csproj]
f:\SGU\FlightTicketManagement\DTO\Seat\SeatDTO.cs(96,16): warning CS8618: Non-nullable field '_seatNumber' must contain a non-null value when exiting constructor. Consider adding the 'required' modifier or declaring the field as nullable. [f:\SGU\FlightTicketManagement\DTO\DTO.csproj]
f:\SGU\FlightTicketManagement\DTO\Seat\SeatDTO.cs(96,16): warning CS8618: Non-nullable field '_className' must contain a non-null value when exiting constructor. Consider adding the 'required' modifier or declaring the field as nullable. [f:\SGU\FlightTicketManagement\DTO\DTO.csproj]
f:\SGU\FlightTicketManagement\DTO\Seat\SeatDTO.cs(96,16): warning CS8618: Non-nullable field '_aircraftModel' must contain a non-null value when exiting constructor. Consider adding the 'required' modifier or declaring the field as nullable. [f:\SGU\FlightTicketManagement\DTO\DTO.csproj]
f:\SGU\FlightTicketManagement\DTO\Seat\SeatDTO.cs(96,16): warning CS8618: Non-nullable field '_aircraftManufacturer' must contain a non-null value when exiting constructor. Consider adding the 'required' modifier or declaring the field as nullable. [f:\SGU\FlightTicketManagement\DTO\DTO.csproj]
f:\SGU\FlightTicketManagement\DTO\Seat\SeatDTO.cs(105,16): warning CS8618: Non-nullable field '_seatNumber' must contain a non-null value when exiting constructor. Consider adding the 'required' modifier or declaring the field as nullable. [f:\SGU\FlightTicketManagement\DTO\DTO.csproj]
f:\SGU\FlightTicketManagement\DTO\Seat\SeatDTO.cs(105,16): warning CS8618: Non-nullable field '_className' must contain a non-null value when exiting constructor. Consider adding the 'required' modifier or declaring the field as nullable. [f:\SGU\FlightTicketManagement\DTO\DTO.csproj]
f:\SGU\FlightTicketManagement\DTO\Seat\SeatDTO.cs(105,16): warning CS8618: Non-nullable field '_aircraftModel' must contain a non-null value when exiting constructor. Consider adding the 'required' modifier or declaring the field as nullable. [f:\SGU\FlightTicketManagement\DTO\DTO.csproj]
f:\SGU\FlightTicketManagement\DTO\Seat\SeatDTO.cs(105,16): warning CS8618: Non-nullable field '_aircraftManufacturer' must contain a non-null value when exiting constructor. Consider adding the 'required' modifier or declaring the field as nullable. [f:\SGU\FlightTicketManagement\DTO\DTO.csproj]
f:\SGU\FlightTicketManagement\DTO\Flight\FlightDTO.cs(111,16): warning CS8618: Non-nullable field '_flightNumber' must contain a non-null value when exiting constructor. Consider adding the 'required' modifier or declaring the field as nullable. [f:\SGU\FlightTicketManagement\DTO\DTO.csproj]
f:\SGU\FlightTicketManagement\DTO\Seat\FlightSeatDTO.cs(84,16): warning CS8618: Non-nullable field '_seatStatus' must contain a non-null value when exiting constructor. Consider adding the 'required' modifier or declaring the field as nullable. [f:\SGU\FlightTicketManagement\DTO\DTO.csproj]
f:\SGU\FlightTicketManagement\DTO\Flight\FlightDTO.cs(116,16): warning CS8618: Non-nullable field '_flightNumber' must contain a non-null value when exiting constructor. Consider adding the 'required' modifier or declaring the field as nullable. [f:\SGU\FlightTicketManagement\DTO\DTO.csproj]
f:\SGU\FlightTicketManagement\DTO\Seat\FlightSeatDTO.cs(87,16): warning CS8618: Non-nullable field '_seatStatus' must contain a non-null value when exiting constructor. Consider adding the 'required' modifier or declaring the field as nullable. [f:\SGU\FlightTicketManagement\DTO\DTO.csproj]
f:\SGU\FlightTicketManagement\DTO\Seat\FlightSeatDTO.cs(98,16): warning CS8618: Non-nullable field '_seatStatus' must contain a non-null value when exiting constructor. Consider adding the 'required' modifier or declaring the field as nullable. [f:\SGU\FlightTicketManagement\DTO\DTO.csproj]
f:\SGU\FlightTicketManagement\DTO\Payment\PaymentDetailDTO.cs(73,36): warning CS8601: Possible null reference assignment. [f:\SGU\FlightTicketManagement\DTO\DTO.csproj]
f:\SGU\FlightTicketManagement\DTO\Payment\PaymentDetailDTO.cs(78,16): warning CS8618: Non-nullable field '_bookingStatus' must contain a non-null value when exiting constructor. Consider adding the 'required' modifier or declaring the field as nullable. [f:\SGU\FlightTicketManagement\DTO\DTO.csproj]
f:\SGU\FlightTicketManagement\DTO\Payment\PaymentDetailDTO.cs(78,16): warning CS8618: Non-nullable field '_accountEmail' must contain a non-null value when exiting constructor. Consider adding the 'required' modifier or declaring the field as nullable. [f:\SGU\FlightTicketManagement\DTO\DTO.csproj]
f:\SGU\FlightTicketManagement\DTO\Flight\FlightDTO.cs(128,16): warning CS8618: Non-nullable field '_flightNumber' must contain a non-null value when exiting constructor. Consider adding the 'required' modifier or declaring the field as nullable. [f:\SGU\FlightTicketManagement\DTO\DTO.csproj]
f:\SGU\FlightTicketManagement\DTO\Seat\FlightSeatDTO.cs(113,16): warning CS8618: Non-nullable field '_seatStatus' must contain a non-null value when exiting constructor. Consider adding the 'required' modifier or declaring the field as nullable. [f:\SGU\FlightTicketManagement\DTO\DTO.csproj]
f:\SGU\FlightTicketManagement\DTO\Payment\PaymentDetailDTO.cs(80,16): warning CS8618: Non-nullable field '_bookingStatus' must contain a non-null value when exiting constructor. Consider adding the 'required' modifier or declaring the field as nullable. [f:\SGU\FlightTicketManagement\DTO\DTO.csproj]
f:\SGU\FlightTicketManagement\DTO\Payment\PaymentDetailDTO.cs(80,16): warning CS8618: Non-nullable field '_accountEmail' must contain a non-null value when exiting constructor. Consider adding the 'required' modifier or declaring the field as nullable. [f:\SGU\FlightTicketManagement\DTO\DTO.csproj]
f:\SGU\FlightTicketManagement\DTO\Payment\PaymentDTO.cs(109,16): warning CS8618: Non-nullable field '_paymentMethod' must contain a non-null value when exiting constructor. Consider adding the 'required' modifier or declaring the field as nullable. [f:\SGU\FlightTicketManagement\DTO\DTO.csproj]
f:\SGU\FlightTicketManagement\DTO\Payment\PaymentDTO.cs(109,16): warning CS8618: Non-nullable field '_status' must contain a non-null value when exiting constructor. Consider adding the 'required' modifier or declaring the field as nullable. [f:\SGU\FlightTicketManagement\DTO\DTO.csproj]
f:\SGU\FlightTicketManagement\DTO\Seat\FlightSeatDTO.cs(130,16): warning CS8618: Non-nullable field '_seatStatus' must contain a non-null value when exiting constructor. Consider adding the 'required' modifier or declaring the field as nullable. [f:\SGU\FlightTicketManagement\DTO\DTO.csproj]
f:\SGU\FlightTicketManagement\DTO\Payment\PaymentDTO.cs(111,16): warning CS8618: Non-nullable field '_paymentMethod' must contain a non-null value when exiting constructor. Consider adding the 'required' modifier or declaring the field as nullable. [f:\SGU\FlightTicketManagement\DTO\DTO.csproj]
f:\SGU\FlightTicketManagement\DTO\Payment\PaymentDTO.cs(111,16): warning CS8618: Non-nullable field '_status' must contain a non-null value when exiting constructor. Consider adding the 'required' modifier or declaring the field as nullable. [f:\SGU\FlightTicketManagement\DTO\DTO.csproj]
f:\SGU\FlightTicketManagement\DTO\Seat\FlightSeatDTO.cs(147,16): warning CS8618: Non-nullable field '_seatStatus' must contain a non-null value when exiting constructor. Consider adding the 'required' modifier or declaring the field as nullable. [f:\SGU\FlightTicketManagement\DTO\DTO.csproj]
f:\SGU\FlightTicketManagement\DTO\Payment\PaymentDTO.cs(120,16): warning CS8618: Non-nullable field '_paymentMethod' must contain a non-null value when exiting constructor. Consider adding the 'required' modifier or declaring the field as nullable. [f:\SGU\FlightTicketManagement\DTO\DTO.csproj]
f:\SGU\FlightTicketManagement\DTO\Payment\PaymentDTO.cs(120,16): warning CS8618: Non-nullable field '_status' must contain a non-null value when exiting constructor. Consider adding the 'required' modifier or declaring the field as nullable. [f:\SGU\FlightTicketManagement\DTO\DTO.csproj]
f:\SGU\FlightTicketManagement\BUS\Validation\BookingValidator.cs(33,72): warning CS8604: Possible null reference argument for parameter 'seatNumber' in 'void BookingValidator.ValidateSeatAvailability(int? flightId, int? seatId, string seatNumber)'. [f:\SGU\FlightTicketManagement\BUS\BUS.csproj]
f:\SGU\FlightTicketManagement\BUS\Common\BusinessResult.cs(116,24): warning CS8603: Possible null reference return. [f:\SGU\FlightTicketManagement\BUS\BUS.csproj]
f:\SGU\FlightTicketManagement\BUS\Flight\FlightBUS.cs(554,70): warning CS8629: Nullable value type may be null. [f:\SGU\FlightTicketManagement\BUS\BUS.csproj]
f:\SGU\FlightTicketManagement\BUS\Flight\FlightBUS.cs(561,102): warning CS8629: Nullable value type may be null. [f:\SGU\FlightTicketManagement\BUS\BUS.csproj]
f:\SGU\FlightTicketManagement\BUS\Flight\FlightBUS.cs(12,34): warning CS8618: Non-nullable field '_instance' must contain a non-null value when exiting constructor. Consider adding the 'required' modifier or declaring the field as nullable. [f:\SGU\FlightTicketManagement\BUS\BUS.csproj]
f:\SGU\FlightTicketManagement\BUS\Stats\StatsBUS.cs(262,92): warning CS8625: Cannot convert null literal to non-nullable reference type. [f:\SGU\FlightTicketManagement\BUS\BUS.csproj]
f:\SGU\FlightTicketManagement\BUS\Stats\StatsBUS.cs(284,95): warning CS8625: Cannot convert null literal to non-nullable reference type. [f:\SGU\FlightTicketManagement\BUS\BUS.csproj]
f:\SGU\FlightTicketManagement\BUS\Stats\StatsBUS.cs(306,106): warning CS8625: Cannot convert null literal to non-nullable reference type. [f:\SGU\FlightTicketManagement\BUS\BUS.csproj]
f:\SGU\FlightTicketManagement\BUS\Stats\StatsBUS.cs(328,104): warning CS8625: Cannot convert null literal to non-nullable reference type. [f:\SGU\FlightTicketManagement\BUS\BUS.csproj]
f:\SGU\FlightTicketManagement\BUS\Stats\StatsBUS.cs(14,33): warning CS8618: Non-nullable field '_instance' must contain a non-null value when exiting constructor. Consider adding the 'required' modifier or declaring the field as nullable. [f:\SGU\FlightTicketManagement\BUS\BUS.csproj]
f:\SGU\FlightTicketManagement\BUS\Stats\StatsBUS.cs(237,66): error CS1503: Argument 2: cannot convert from 'DTO.Stats.PaymentStatsReportViewModel' to 'string' [f:\SGU\FlightTicketManagement\BUS\BUS.csproj]
    164 Warning(s)
    1 Error(s)

Time Elapsed 00:00:01.86
